<html>
<body>
<pre>
<h1>礦ision Build Log</h1>
<h2>Tool Versions:</h2>
IDE-Version: μVision V5.37.0.0
Copyright (C) 2022 ARM Ltd and ARM Germany GmbH. All rights reserved.
License Information: 1 xwp, 1, LIC=YA39H-WDGZD-FWR2N-YZ03S-34TUM-09S9L
 
Tool Versions:
Toolchain:       MDK-ARM Plus  Version: 5.37.0.0
Toolchain Path:  D:\keil\ARM\ARMCC\Bin
C Compiler:      Armcc.exe V5.06 update 5 (build 528)
Assembler:       Armasm.exe V5.06 update 5 (build 528)
Linker/Locator:  ArmLink.exe V5.06 update 5 (build 528)
Library Manager: ArmAr.exe V5.06 update 5 (build 528)
Hex Converter:   FromElf.exe V5.06 update 5 (build 528)
CPU DLL:         SARMCM3.DLL V5.37.0.0
Dialog DLL:      DCM.DLL V1.17.5.0
Target DLL:      STLink\ST-LINKIII-KEIL_SWO.dll V3.0.9.0
Dialog DLL:      TCM.DLL V1.56.1.0
 
<h2>Project:</h2>
C:\Users\xwp\Desktop\T12电烙铁[机密]\程序源码\USER\OLED.uvprojx
Project File Date:  02/20/2023

<h2>Output:</h2>
*** Using Compiler 'V5.06 update 5 (build 528)', folder: 'D:\keil\ARM\ARMCC\Bin'
Build target 'Target 1'
compiling PWM.c...
..\PWM\PWM.h(11): warning:  #1-D: last line of file ends without a newline
  #endif
..\ADC\ADC.h(26): warning:  #1-D: last line of file ends without a newline
  #endif
..\MENU\Ui_Menu.h(40): warning:  #1-D: last line of file ends without a newline
  #endif
..\KEY\KEY.h(32): warning:  #1-D: last line of file ends without a newline
  #endif
..\TIMER\Timer.h(9): warning:  #1-D: last line of file ends without a newline
  #endif
..\PWM\PWM.c: 5 warnings, 0 errors
linking...
Program Size: Code=15988 RO-data=9288 RW-data=460 ZI-data=2700  
FromELF: creating hex file...
"..\OBJ\OLED.axf" - 0 Error(s), 5 Warning(s).

<h2>Software Packages used:</h2>

Package Vendor: Keil
                http://www.keil.com/pack/Keil.STM32F1xx_DFP.2.2.0.pack
                Keil.STM32F1xx_DFP.2.2.0
                STMicroelectronics STM32F1 Series Device Support, Drivers and Examples

<h2>Collection of Component include folders:</h2>
  D:/keil/ARM/PACK/Keil/STM32F1xx_DFP/2.2.0/Device/Include

<h2>Collection of Component Files used:</h2>
Build Time Elapsed:  00:00:01
</pre>
</body>
</html>
