Component: ARM Compiler 5.06 update 5 (build 528) Tool: armlink [4d35e2]

==============================================================================

Section Cross References

    startup_stm32f10x_hd.o(RESET) refers to startup_stm32f10x_hd.o(STACK) for __initial_sp
    startup_stm32f10x_hd.o(RESET) refers to startup_stm32f10x_hd.o(.text) for Reset_Handler
    startup_stm32f10x_hd.o(RESET) refers to stm32f10x_it.o(i.NMI_Handler) for NMI_Handler
    startup_stm32f10x_hd.o(RESET) refers to stm32f10x_it.o(i.HardFault_Handler) for HardFault_Handler
    startup_stm32f10x_hd.o(RESET) refers to stm32f10x_it.o(i.MemManage_Handler) for MemManage_Handler
    startup_stm32f10x_hd.o(RESET) refers to stm32f10x_it.o(i.BusFault_Handler) for BusFault_Handler
    startup_stm32f10x_hd.o(RESET) refers to stm32f10x_it.o(i.UsageFault_Handler) for UsageFault_Handler
    startup_stm32f10x_hd.o(RESET) refers to port.o(.emb_text) for SVC_Handler
    startup_stm32f10x_hd.o(RESET) refers to stm32f10x_it.o(i.DebugMon_Handler) for DebugMon_Handler
    startup_stm32f10x_hd.o(RESET) refers to port.o(i.SysTick_Handler) for SysTick_Handler
    startup_stm32f10x_hd.o(RESET) refers to timer.o(i.TIM3_IRQHandler) for TIM3_IRQHandler
    startup_stm32f10x_hd.o(RESET) refers to timer.o(i.TIM4_IRQHandler) for TIM4_IRQHandler
    startup_stm32f10x_hd.o(RESET) refers to usart.o(i.USART1_IRQHandler) for USART1_IRQHandler
    startup_stm32f10x_hd.o(.text) refers to system_stm32f10x.o(i.SystemInit) for SystemInit
    startup_stm32f10x_hd.o(.text) refers to entry.o(.ARM.Collect$$$$00000000) for __main
    oled.o(i.I2C_Start) refers to stm32f10x_gpio.o(i.GPIO_SetBits) for GPIO_SetBits
    oled.o(i.I2C_Start) refers to oled.o(i.IIC_delay) for IIC_delay
    oled.o(i.I2C_Start) refers to stm32f10x_gpio.o(i.GPIO_ResetBits) for GPIO_ResetBits
    oled.o(i.I2C_Stop) refers to stm32f10x_gpio.o(i.GPIO_ResetBits) for GPIO_ResetBits
    oled.o(i.I2C_Stop) refers to stm32f10x_gpio.o(i.GPIO_SetBits) for GPIO_SetBits
    oled.o(i.I2C_Stop) refers to oled.o(i.IIC_delay) for IIC_delay
    oled.o(i.I2C_WaitAck) refers to stm32f10x_gpio.o(i.GPIO_SetBits) for GPIO_SetBits
    oled.o(i.I2C_WaitAck) refers to oled.o(i.IIC_delay) for IIC_delay
    oled.o(i.I2C_WaitAck) refers to stm32f10x_gpio.o(i.GPIO_ResetBits) for GPIO_ResetBits
    oled.o(i.OLED_Clear) refers to delay.o(i.delay_us) for delay_us
    oled.o(i.OLED_Clear) refers to oled.o(i.OLED_Refresh) for OLED_Refresh
    oled.o(i.OLED_Clear) refers to oled.o(.bss) for .bss
    oled.o(i.OLED_Clear_Anti) refers to oled.o(i.OLED_Refresh) for OLED_Refresh
    oled.o(i.OLED_Clear_Anti) refers to oled.o(.bss) for .bss
    oled.o(i.OLED_Clear_Progress) refers to oled.o(i.OLED_Refresh) for OLED_Refresh
    oled.o(i.OLED_Clear_Progress) refers to oled.o(.bss) for .bss
    oled.o(i.OLED_ColorTurn) refers to oled.o(i.OLED_WR_Byte) for OLED_WR_Byte
    oled.o(i.OLED_DisPlay_Off) refers to oled.o(i.OLED_WR_Byte) for OLED_WR_Byte
    oled.o(i.OLED_DisPlay_On) refers to oled.o(i.OLED_WR_Byte) for OLED_WR_Byte
    oled.o(i.OLED_DisplayTurn) refers to oled.o(i.OLED_WR_Byte) for OLED_WR_Byte
    oled.o(i.OLED_DrawCircle) refers to oled.o(i.OLED_DrawPoint) for OLED_DrawPoint
    oled.o(i.OLED_DrawLine) refers to oled.o(i.OLED_DrawPoint) for OLED_DrawPoint
    oled.o(i.OLED_DrawPoint) refers to oled.o(.bss) for .bss
    oled.o(i.OLED_DrawProgress) refers to oled.o(i.OLED_Draw_Rect) for OLED_Draw_Rect
    oled.o(i.OLED_DrawProgress) refers to oled.o(i.OLED_DrawLine) for OLED_DrawLine
    oled.o(i.OLED_Draw_Rect) refers to oled.o(i.OLED_DrawLine) for OLED_DrawLine
    oled.o(i.OLED_Init) refers to stm32f10x_rcc.o(i.RCC_APB2PeriphClockCmd) for RCC_APB2PeriphClockCmd
    oled.o(i.OLED_Init) refers to stm32f10x_gpio.o(i.GPIO_Init) for GPIO_Init
    oled.o(i.OLED_Init) refers to stm32f10x_gpio.o(i.GPIO_SetBits) for GPIO_SetBits
    oled.o(i.OLED_Init) refers to stm32f10x_gpio.o(i.GPIO_ResetBits) for GPIO_ResetBits
    oled.o(i.OLED_Init) refers to delay.o(i.delay_ms) for delay_ms
    oled.o(i.OLED_Init) refers to oled.o(i.OLED_WR_Byte) for OLED_WR_Byte
    oled.o(i.OLED_Init) refers to oled.o(i.OLED_Clear) for OLED_Clear
    oled.o(i.OLED_Refresh) refers to oled.o(i.OLED_WR_Byte) for OLED_WR_Byte
    oled.o(i.OLED_Refresh) refers to oled.o(i.I2C_Start) for I2C_Start
    oled.o(i.OLED_Refresh) refers to oled.o(i.Send_Byte) for Send_Byte
    oled.o(i.OLED_Refresh) refers to oled.o(i.I2C_WaitAck) for I2C_WaitAck
    oled.o(i.OLED_Refresh) refers to oled.o(i.I2C_Stop) for I2C_Stop
    oled.o(i.OLED_Refresh) refers to oled.o(.bss) for .bss
    oled.o(i.OLED_ScrollDisplay) refers to oled.o(i.OLED_ShowChinese) for OLED_ShowChinese
    oled.o(i.OLED_ScrollDisplay) refers to oled.o(i.OLED_Refresh) for OLED_Refresh
    oled.o(i.OLED_ScrollDisplay) refers to oled.o(.bss) for .bss
    oled.o(i.OLED_ShowChar) refers to oled.o(i.OLED_DrawPoint) for OLED_DrawPoint
    oled.o(i.OLED_ShowChar) refers to oled.o(.constdata) for .constdata
[...]
    ..\Wire\Wire.c                           0x00000000   Number         0  wire.o ABSOLUTE
    ..\\CORE\\core_cm3.c                     0x00000000   Number         0  core_cm3.o ABSOLUTE
    ..\\FreeRtos\\portable\\RVDS\\ARM_CM3\\port.c 0x00000000   Number         0  port.o ABSOLUTE
    cdrcmple.s                               0x00000000   Number         0  cdrcmple.o ABSOLUTE
    dc.s                                     0x00000000   Number         0  dc.o ABSOLUTE
    handlers.s                               0x00000000   Number         0  handlers.o ABSOLUTE
    init.s                                   0x00000000   Number         0  init.o ABSOLUTE
    main.c                                   0x00000000   Number         0  main.o ABSOLUTE
    stm32f10x_it.c                           0x00000000   Number         0  stm32f10x_it.o ABSOLUTE
    system_stm32f10x.c                       0x00000000   Number         0  system_stm32f10x.o ABSOLUTE
    RESET                                    0x08000000   Section      304  startup_stm32f10x_hd.o(RESET)
    .ARM.Collect$$$$00000000                 0x08000130   Section        0  entry.o(.ARM.Collect$$$$00000000)
    .ARM.Collect$$$$00000001                 0x08000130   Section        4  entry2.o(.ARM.Collect$$$$00000001)
    .ARM.Collect$$$$00000004                 0x08000134   Section        4  entry5.o(.ARM.Collect$$$$00000004)
    .ARM.Collect$$$$00000008                 0x08000138   Section        0  entry7b.o(.ARM.Collect$$$$00000008)
    .ARM.Collect$$$$0000000A                 0x08000138   Section        0  entry8b.o(.ARM.Collect$$$$0000000A)
    .ARM.Collect$$$$0000000B                 0x08000138   Section        8  entry9a.o(.ARM.Collect$$$$0000000B)
    .ARM.Collect$$$$0000000D                 0x08000140   Section        0  entry10a.o(.ARM.Collect$$$$0000000D)
    .ARM.Collect$$$$0000000F                 0x08000140   Section        0  entry11a.o(.ARM.Collect$$$$0000000F)
    .ARM.Collect$$$$00002712                 0x08000140   Section        4  entry2.o(.ARM.Collect$$$$00002712)
    __lit__00000000                          0x08000140   Data           4  entry2.o(.ARM.Collect$$$$00002712)
    .emb_text                                0x08000144   Section      150  port.o(.emb_text)
    .text                                    0x080001dc   Section       36  startup_stm32f10x_hd.o(.text)
    .text                                    0x08000200   Section        0  fadd.o(.text)
    .text                                    0x080002b0   Section        0  fmul.o(.text)
    .text                                    0x08000314   Section        0  dadd.o(.text)
    .text                                    0x08000462   Section        0  dmul.o(.text)
    .text                                    0x08000546   Section        0  ddiv.o(.text)
    .text                                    0x08000624   Section        0  fflti.o(.text)
    .text                                    0x08000636   Section        0  ffltui.o(.text)
    .text                                    0x08000640   Section        0  dfltui.o(.text)
    .text                                    0x0800065a   Section        0  ffixi.o(.text)
    .text                                    0x0800068c   Section        0  ffixui.o(.text)
    .text                                    0x080006b4   Section        0  dfixui.o(.text)
    .text                                    0x080006e6   Section        0  f2d.o(.text)
    .text                                    0x0800070c   Section        0  d2f.o(.text)
    .text                                    0x08000744   Section        0  uidiv.o(.text)
    .text                                    0x08000770   Section        0  llshl.o(.text)
    .text                                    0x0800078e   Section        0  llushr.o(.text)
    .text                                    0x080007ae   Section        0  llsshr.o(.text)
    .text                                    0x080007d2   Section        0  fepilogue.o(.text)
    .text                                    0x080007d2   Section        0  iusefp.o(.text)
    .text                                    0x08000840   Section        0  depilogue.o(.text)
    .text                                    0x080008fc   Section       36  init.o(.text)
    .text                                    0x08000920   Section        0  __dczerorl2.o(.text)
    i.ADC_Begin                              0x08000978   Section        0  adc.o(i.ADC_Begin)
    i.ADC_Cmd                                0x08000a70   Section        0  stm32f10x_adc.o(i.ADC_Cmd)
    i.ADC_DMACmd                             0x08000a84   Section        0  stm32f10x_adc.o(i.ADC_DMACmd)
    i.ADC_GetResetCalibrationStatus          0x08000a98   Section        0  stm32f10x_adc.o(i.ADC_GetResetCalibrationStatus)
    i.ADC_GetSoftwareStartConvStatus         0x08000aa6   Section        0  stm32f10x_adc.o(i.ADC_GetSoftwareStartConvStatus)
    i.ADC_Get_Votage_Value                   0x08000ab4   Section        0  adc.o(i.ADC_Get_Votage_Value)
    i.ADC_Init                               0x08000b78   Section        0  stm32f10x_adc.o(i.ADC_Init)
    i.ADC_RegularChannelConfig               0x08000bc0   Section        0  stm32f10x_adc.o(i.ADC_RegularChannelConfig)
    i.ADC_ResetCalibration                   0x08000c34   Section        0  stm32f10x_adc.o(i.ADC_ResetCalibration)
    i.ADC_SoftwareStartConvCmd               0x08000c3e   Section        0  stm32f10x_adc.o(i.ADC_SoftwareStartConvCmd)
    i.ADC_StartCalibration                   0x08000c52   Section        0  stm32f10x_adc.o(i.ADC_StartCalibration)
    i.ADC_TempSensorVrefintCmd               0x08000c5c   Section        0  stm32f10x_adc.o(i.ADC_TempSensorVrefintCmd)
    i.AT24C32_Begin                          0x08000c78   Section        0  at24c32.o(i.AT24C32_Begin)
    i.AT24C32_Check                          0x08000c90   Section        0  at24c32.o(i.AT24C32_Check)
    i.AT24C32_Read_OneByte                   0x08000cac   Section        0  at24c32.o(i.AT24C32_Read_OneByte)
    i.AT24C32_Write_OneByte                  0x08000ce8   Section        0  at24c32.o(i.AT24C32_Write_OneByte)
    i.BusFault_Handler                       0x08000d1e   Section        0  stm32f10x_it.o(i.BusFault_Handler)
    i.CH224K_Begin                           0x08000d20   Section        0  ch224k.o(i.CH224K_Begin)
    i.CH224K_Set_Output_Voltage              0x08000d64   Section        0  ch224k.o(i.CH224K_Set_Output_Voltage)
    i.Calibrate_set_success                  0x08000e10   Section        0  key.o(i.Calibrate_set_success)
    Calibrate_set_success                    0x08000e11   Thumb Code   174  key.o(i.Calibrate_set_success)
    i.DMA_Cmd                                0x08000ee0   Section        0  stm32f10x_dma.o(i.DMA_Cmd)
    i.DMA_DeInit                             0x08000ef8   Section        0  stm32f10x_dma.o(i.DMA_DeInit)
    i.DMA_Init                               0x08000fdc   Section        0  stm32f10x_dma.o(i.DMA_Init)
    i.DebugMon_Handler                       0x08001016   Section        0  stm32f10x_it.o(i.DebugMon_Handler)
    i.GPIO_Begin                             0x08001018   Section        0  pwm.o(i.GPIO_Begin)
    i.GPIO_Begin                             0x08001044   Section        0  adc.o(i.GPIO_Begin)
    GPIO_Begin                               0x08001045   Thumb Code    60  adc.o(i.GPIO_Begin)
    i.GPIO_Init                              0x08001088   Section        0  stm32f10x_gpio.o(i.GPIO_Init)
    i.GPIO_OUT_IN                            0x0800112c   Section        0  wire.o(i.GPIO_OUT_IN)
    i.GPIO_ReadInputDataBit                  0x08001170   Section        0  stm32f10x_gpio.o(i.GPIO_ReadInputDataBit)
    i.GPIO_ResetBits                         0x0800117e   Section        0  stm32f10x_gpio.o(i.GPIO_ResetBits)
    i.GPIO_SetBits                           0x08001182   Section        0  stm32f10x_gpio.o(i.GPIO_SetBits)
    i.GPIO_inits                             0x08001188   Section        0  wire.o(i.GPIO_inits)
    i.Get_T12_ADC                            0x080011d0   Section        0  pwm.o(i.Get_T12_ADC)
    i.HardFault_Handler                      0x08001238   Section        0  stm32f10x_it.o(i.HardFault_Handler)
    i.I2C_ACK_Wait                           0x0800123c   Section        0  wire.o(i.I2C_ACK_Wait)
    i.I2C_NACK                               0x08001288   Section        0  wire.o(i.I2C_NACK)
    i.I2C_Read_Byte                          0x080012c8   Section        0  wire.o(i.I2C_Read_Byte)
    i.I2C_Send_Byte                          0x08001314   Section        0  wire.o(i.I2C_Send_Byte)
    i.I2C_Start                              0x08001374   Section        0  oled.o(i.I2C_Start)
    i.I2C_Stop                               0x080013ac   Section        0  oled.o(i.I2C_Stop)
    i.I2C_Stopping                           0x080013d4   Section        0  wire.o(i.I2C_Stopping)
    i.I2C_Strat                              0x08001410   Section        0  wire.o(i.I2C_Strat)
    i.I2C_WaitAck                            0x08001450   Section        0  oled.o(i.I2C_WaitAck)
    i.IIC_delay                              0x08001480   Section        0  oled.o(i.IIC_delay)
    i.KEY_Begin                              0x0800148c   Section        0  key.o(i.KEY_Begin)
    i.Key_Menu_Loop                          0x080014b8   Section        0  key.o(i.Key_Menu_Loop)
    i.Low_power_Temp_Value_set               0x08001688   Section        0  key.o(i.Low_power_Temp_Value_set)
    Low_power_Temp_Value_set                 0x08001689   Thumb Code    60  key.o(i.Low_power_Temp_Value_set)
    i.Low_power_Time_Value_set               0x080016cc   Section        0  key.o(i.Low_power_Time_Value_set)
    Low_power_Time_Value_set                 0x080016cd   Thumb Code    60  key.o(i.Low_power_Time_Value_set)
    i.MemManage_Handler                      0x08001710   Section        0  stm32f10x_it.o(i.MemManage_Handler)
    i.Menu_Loop                              0x08001714   Section        0  menu.o(i.Menu_Loop)
    i.NMI_Handler                            0x0800172c   Section        0  stm32f10x_it.o(i.NMI_Handler)
    i.NVIC_Init                              0x08001730   Section        0  misc.o(i.NVIC_Init)
    i.NVIC_PriorityGroupConfig               0x08001794   Section        0  misc.o(i.NVIC_PriorityGroupConfig)
    i.OLED_Clear                             0x080017a8   Section        0  oled.o(i.OLED_Clear)
    i.OLED_Clear_Progress                    0x080017e0   Section        0  oled.o(i.OLED_Clear_Progress)
    i.OLED_ColorTurn                         0x08001804   Section        0  oled.o(i.OLED_ColorTurn)
    i.OLED_DisplayTurn                       0x0800181c   Section        0  oled.o(i.OLED_DisplayTurn)
    i.OLED_DrawLine                          0x08001848   Section        0  oled.o(i.OLED_DrawLine)
    i.OLED_DrawPoint                         0x080018e4   Section        0  oled.o(i.OLED_DrawPoint)
    i.OLED_DrawProgress                      0x08001910   Section        0  oled.o(i.OLED_DrawProgress)
    i.OLED_Draw_Rect                         0x0800195e   Section        0  oled.o(i.OLED_Draw_Rect)
    i.OLED_Init                              0x080019a8   Section        0  oled.o(i.OLED_Init)
    i.OLED_Pow                               0x08001ae0   Section        0  oled.o(i.OLED_Pow)
    i.OLED_Refresh                           0x08001af0   Section        0  oled.o(i.OLED_Refresh)
    i.OLED_ShowChar                          0x08001b58   Section        0  oled.o(i.OLED_ShowChar)
    i.OLED_ShowChinese                       0x08001c3c   Section        0  oled.o(i.OLED_ShowChinese)
    i.OLED_ShowFloatNum2                     0x08001d10   Section        0  oled.o(i.OLED_ShowFloatNum2)
    i.OLED_ShowFloatNum3                     0x08001d9c   Section        0  oled.o(i.OLED_ShowFloatNum3)
    i.OLED_ShowNum                           0x08001e30   Section        0  oled.o(i.OLED_ShowNum)
    i.OLED_ShowPicture                       0x08001e9e   Section        0  oled.o(i.OLED_ShowPicture)
    i.OLED_ShowString                        0x08001f3a   Section        0  oled.o(i.OLED_ShowString)
    i.OLED_WR_Byte                           0x08001f76   Section        0  oled.o(i.OLED_WR_Byte)
    i.PD_Set                                 0x08001fac   Section        0  key.o(i.PD_Set)
    PD_Set                                   0x08001fad   Thumb Code    78  key.o(i.PD_Set)
    i.PWM_init                               0x08002004   Section        0  pwm.o(i.PWM_init)
    i.Position_PID                           0x08002060   Section        0  pwm.o(i.Position_PID)
    i.RCC_ADCCLKConfig                       0x080020d4   Section        0  stm32f10x_rcc.o(i.RCC_ADCCLKConfig)
    i.RCC_AHBPeriphClockCmd                  0x080020e8   Section        0  stm32f10x_rcc.o(i.RCC_AHBPeriphClockCmd)
    i.RCC_APB1PeriphClockCmd                 0x08002100   Section        0  stm32f10x_rcc.o(i.RCC_APB1PeriphClockCmd)
    i.RCC_APB2PeriphClockCmd                 0x08002118   Section        0  stm32f10x_rcc.o(i.RCC_APB2PeriphClockCmd)
    i.RCC_GetClocksFreq                      0x08002130   Section        0  stm32f10x_rcc.o(i.RCC_GetClocksFreq)
    i.Reset_set_success                      0x080021c0   Section        0  key.o(i.Reset_set_success)
    Reset_set_success                        0x080021c1   Thumb Code   344  key.o(i.Reset_set_success)
    i.Send_Byte                              0x08002340   Section        0  oled.o(i.Send_Byte)
    i.SetSysClockTo72                        0x08002388   Section        0  system_stm32f10x.o(i.SetSysClockTo72)
    SetSysClockTo72                          0x08002389   Thumb Code   160  system_stm32f10x.o(i.SetSysClockTo72)
    i.SysTick_CLKSourceConfig                0x08002430   Section        0  misc.o(i.SysTick_CLKSourceConfig)
    i.SysTick_Handler                        0x08002448   Section        0  port.o(i.SysTick_Handler)
    i.SystemInit                             0x08002474   Section        0  system_stm32f10x.o(i.SystemInit)
    i.T12_All_Set_Init                       0x080024c4   Section        0  key.o(i.T12_All_Set_Init)
    i.TIM3_Begin                             0x08002540   Section        0  timer.o(i.TIM3_Begin)
    i.TIM3_IRQHandler                        0x080025ac   Section        0  timer.o(i.TIM3_IRQHandler)
    i.TIM4_Begin                             0x080026a8   Section        0  timer.o(i.TIM4_Begin)
    i.TIM4_IRQHandler                        0x08002714   Section        0  timer.o(i.TIM4_IRQHandler)
    i.TIM_ClearFlag                          0x08002778   Section        0  stm32f10x_tim.o(i.TIM_ClearFlag)
    i.TIM_ClearITPendingBit                  0x0800277e   Section        0  stm32f10x_tim.o(i.TIM_ClearITPendingBit)
    i.TIM_Cmd                                0x08002784   Section        0  stm32f10x_tim.o(i.TIM_Cmd)
    i.TIM_GetITStatus                        0x08002798   Section        0  stm32f10x_tim.o(i.TIM_GetITStatus)
    i.TIM_ITConfig                           0x080027b0   Section        0  stm32f10x_tim.o(i.TIM_ITConfig)
    i.TIM_OC3Init                            0x080027c0   Section        0  stm32f10x_tim.o(i.TIM_OC3Init)
    i.TIM_OC3PreloadConfig                   0x0800283c   Section        0  stm32f10x_tim.o(i.TIM_OC3PreloadConfig)
    i.TIM_SetCompare3                        0x08002848   Section        0  stm32f10x_tim.o(i.TIM_SetCompare3)
    i.TIM_TimeBaseInit                       0x0800284c   Section        0  stm32f10x_tim.o(i.TIM_TimeBaseInit)
    i.USART1_IRQHandler                      0x080028e8   Section        0  usart.o(i.USART1_IRQHandler)
    i.USART_Cmd                              0x0800294c   Section        0  stm32f10x_usart.o(i.USART_Cmd)
    i.USART_GetITStatus                      0x08002960   Section        0  stm32f10x_usart.o(i.USART_GetITStatus)
    i.USART_ITConfig                         0x0800299e   Section        0  stm32f10x_usart.o(i.USART_ITConfig)
    i.USART_Init                             0x080029d0   Section        0  stm32f10x_usart.o(i.USART_Init)
    i.USART_ReceiveData                      0x08002a7c   Section        0  stm32f10x_usart.o(i.USART_ReceiveData)
    i.Ui_Menu_Main                           0x08002a84   Section        0  ui_menu.o(i.Ui_Menu_Main)
    i.Ui_Menu_Son_ADJUST_set_function        0x08002ba8   Section        0  ui_menu.o(i.Ui_Menu_Son_ADJUST_set_function)
    i.Ui_Menu_Son_About_Information_function 0x08002be8   Section        0  ui_menu.o(i.Ui_Menu_Son_About_Information_function)
    i.Ui_Menu_Son_Calibrate                  0x08002c7c   Section        0  ui_menu.o(i.Ui_Menu_Son_Calibrate)
    i.Ui_Menu_Son_Calibrate_set              0x08002d10   Section        0  ui_menu.o(i.Ui_Menu_Son_Calibrate_set)
    i.Ui_Menu_Son_Enter_Key_function         0x08002db4   Section        0  ui_menu.o(i.Ui_Menu_Son_Enter_Key_function)
    i.Ui_Menu_Son_Set                        0x08002df4   Section        0  ui_menu.o(i.Ui_Menu_Son_Set)
    i.Ui_Menu_Son_Skin_set                   0x08002e84   Section        0  ui_menu.o(i.Ui_Menu_Son_Skin_set)
    i.Ui_Menu_Son_Temp_low_power_set_function 0x08003444   Section        0  ui_menu.o(i.Ui_Menu_Son_Temp_low_power_set_function)
    i.Ui_Menu_Son_Temp_step_number_set_function 0x08003488   Section        0  ui_menu.o(i.Ui_Menu_Son_Temp_step_number_set_function)
    i.Ui_Menu_Son_Time_low_power_set_function 0x080034d0   Section        0  ui_menu.o(i.Ui_Menu_Son_Time_low_power_set_function)
    i.Ui_Menu_Son_Voltage                    0x08003514   Section        0  ui_menu.o(i.Ui_Menu_Son_Voltage)
    i.Ui_Menu_Son_Voltage_12V                0x080035a8   Section        0  ui_menu.o(i.Ui_Menu_Son_Voltage_12V)
    i.Ui_Menu_Son_Voltage_15V                0x0800367c   Section        0  ui_menu.o(i.Ui_Menu_Son_Voltage_15V)
    i.Ui_Menu_Son_Voltage_20V                0x08003750   Section        0  ui_menu.o(i.Ui_Menu_Son_Voltage_20V)
    i.Ui_Menu_Son_Voltage_5V                 0x08003828   Section        0  ui_menu.o(i.Ui_Menu_Son_Voltage_5V)
    i.Ui_Menu_Son_Voltage_9V                 0x080038fc   Section        0  ui_menu.o(i.Ui_Menu_Son_Voltage_9V)
    i.UsageFault_Handler                     0x080039d0   Section        0  stm32f10x_it.o(i.UsageFault_Handler)
    i.__0printf$1                            0x080039d4   Section        0  printf1.o(i.__0printf$1)
    i.__scatterload_copy                     0x080039f4   Section       14  handlers.o(i.__scatterload_copy)
    i.__scatterload_null                     0x08003a02   Section        2  handlers.o(i.__scatterload_null)
    i.__scatterload_zeroinit                 0x08003a04   Section       14  handlers.o(i.__scatterload_zeroinit)
    i._printf_core                           0x08003a14   Section        0  printf1.o(i._printf_core)
    _printf_core                             0x08003a15   Thumb Code   336  printf1.o(i._printf_core)
    i.calibration_add                        0x08003b68   Section        0  key.o(i.calibration_add)
    calibration_add                          0x08003b69   Thumb Code    50  key.o(i.calibration_add)
    i.calibration_set_add_minus              0x08003ba4   Section        0  key.o(i.calibration_set_add_minus)
    calibration_set_add_minus                0x08003ba5   Thumb Code    52  key.o(i.calibration_set_add_minus)
    i.delay_init                             0x08003be0   Section        0  delay.o(i.delay_init)
    i.delay_ms                               0x08003c1c   Section        0  delay.o(i.delay_ms)
    i.delay_us                               0x08003c50   Section        0  delay.o(i.delay_us)
    i.fputc                                  0x08003c84   Section        0  usart.o(i.fputc)
    i.main                                   0x08003c9c   Section        0  main.o(i.main)
    i.menu_part_main                         0x08003d24   Section        0  menu.o(i.menu_part_main)
    menu_part_main                           0x08003d25   Thumb Code     4  menu.o(i.menu_part_main)
    i.menu_part_son_eleven                   0x08003d28   Section        0  menu.o(i.menu_part_son_eleven)
    menu_part_son_eleven                     0x08003d29   Thumb Code     6  menu.o(i.menu_part_son_eleven)
    i.menu_part_son_fifteen                  0x08003d2e   Section        0  menu.o(i.menu_part_son_fifteen)
    menu_part_son_fifteen                    0x08003d2f   Thumb Code     6  menu.o(i.menu_part_son_fifteen)
    i.menu_part_son_five                     0x08003d34   Section        0  menu.o(i.menu_part_son_five)
    menu_part_son_five                       0x08003d35   Thumb Code     4  menu.o(i.menu_part_son_five)
    i.menu_part_son_four                     0x08003d38   Section        0  menu.o(i.menu_part_son_four)
    menu_part_son_four                       0x08003d39   Thumb Code     4  menu.o(i.menu_part_son_four)
    i.menu_part_son_fourteen                 0x08003d3c   Section        0  menu.o(i.menu_part_son_fourteen)
    menu_part_son_fourteen                   0x08003d3d   Thumb Code     6  menu.o(i.menu_part_son_fourteen)
    i.menu_part_son_nine                     0x08003d42   Section        0  menu.o(i.menu_part_son_nine)
    menu_part_son_nine                       0x08003d43   Thumb Code     4  menu.o(i.menu_part_son_nine)
    i.menu_part_son_one                      0x08003d46   Section        0  menu.o(i.menu_part_son_one)
    menu_part_son_one                        0x08003d47   Thumb Code     4  menu.o(i.menu_part_son_one)
    i.menu_part_son_seven                    0x08003d4a   Section        0  menu.o(i.menu_part_son_seven)
    menu_part_son_seven                      0x08003d4b   Thumb Code     4  menu.o(i.menu_part_son_seven)
    i.menu_part_son_seventeen                0x08003d4e   Section        0  menu.o(i.menu_part_son_seventeen)
    menu_part_son_seventeen                  0x08003d4f   Thumb Code     6  menu.o(i.menu_part_son_seventeen)
    i.menu_part_son_seventeen_CP             0x08003d54   Section        0  menu.o(i.menu_part_son_seventeen_CP)
    menu_part_son_seventeen_CP               0x08003d55   Thumb Code     6  menu.o(i.menu_part_son_seventeen_CP)
    i.menu_part_son_six                      0x08003d5a   Section        0  menu.o(i.menu_part_son_six)
    menu_part_son_six                        0x08003d5b   Thumb Code     4  menu.o(i.menu_part_son_six)
    i.menu_part_son_sixteen                  0x08003d5e   Section        0  menu.o(i.menu_part_son_sixteen)
    menu_part_son_sixteen                    0x08003d5f   Thumb Code     6  menu.o(i.menu_part_son_sixteen)
    i.menu_part_son_ten                      0x08003d64   Section        0  menu.o(i.menu_part_son_ten)
    menu_part_son_ten                        0x08003d65   Thumb Code     4  menu.o(i.menu_part_son_ten)
    i.menu_part_son_thirteen                 0x08003d68   Section        0  menu.o(i.menu_part_son_thirteen)
    menu_part_son_thirteen                   0x08003d69   Thumb Code     6  menu.o(i.menu_part_son_thirteen)
    i.menu_part_son_three                    0x08003d6e   Section        0  menu.o(i.menu_part_son_three)
    menu_part_son_three                      0x08003d6f   Thumb Code     4  menu.o(i.menu_part_son_three)
    i.menu_part_son_tow                      0x08003d72   Section        0  menu.o(i.menu_part_son_tow)
    menu_part_son_tow                        0x08003d73   Thumb Code     4  menu.o(i.menu_part_son_tow)
    i.menu_part_son_twelve                   0x08003d76   Section        0  menu.o(i.menu_part_son_twelve)
    menu_part_son_twelve                     0x08003d77   Thumb Code     6  menu.o(i.menu_part_son_twelve)
    i.menu_part_son_twenty                   0x08003d7c   Section        0  menu.o(i.menu_part_son_twenty)
    menu_part_son_twenty                     0x08003d7d   Thumb Code     4  menu.o(i.menu_part_son_twenty)
    i.menu_part_son_twenty_five              0x08003d80   Section        0  menu.o(i.menu_part_son_twenty_five)
    menu_part_son_twenty_five                0x08003d81   Thumb Code     4  menu.o(i.menu_part_son_twenty_five)
    i.menu_part_son_twenty_four              0x08003d84   Section        0  menu.o(i.menu_part_son_twenty_four)
    menu_part_son_twenty_four                0x08003d85   Thumb Code     4  menu.o(i.menu_part_son_twenty_four)
    i.menu_part_son_twenty_one               0x08003d88   Section        0  menu.o(i.menu_part_son_twenty_one)
    menu_part_son_twenty_one                 0x08003d89   Thumb Code     4  menu.o(i.menu_part_son_twenty_one)
    i.menu_part_son_twenty_threen            0x08003d8c   Section        0  menu.o(i.menu_part_son_twenty_threen)
    menu_part_son_twenty_threen              0x08003d8d   Thumb Code     4  menu.o(i.menu_part_son_twenty_threen)
    i.menu_part_son_twenty_tow               0x08003d90   Section        0  menu.o(i.menu_part_son_twenty_tow)
    menu_part_son_twenty_tow                 0x08003d91   Thumb Code     4  menu.o(i.menu_part_son_twenty_tow)
    i.prvResetNextTaskUnblockTime            0x08003d94   Section        0  tasks.o(i.prvResetNextTaskUnblockTime)
    prvResetNextTaskUnblockTime              0x08003d95   Thumb Code    24  tasks.o(i.prvResetNextTaskUnblockTime)
    i.uart_init                              0x08003db0   Section        0  usart.o(i.uart_init)
    i.vTaskSwitchContext                     0x08003e50   Section        0  tasks.o(i.vTaskSwitchContext)
    i.xTaskIncrementTick                     0x08003e90   Section        0  tasks.o(i.xTaskIncrementTick)
    .constdata                               0x08003fa4   Section     8952  oled.o(.constdata)
    .data                                    0x20000000   Section       20  stm32f10x_rcc.o(.data)
    ADCPrescTable                            0x20000000   Data           4  stm32f10x_rcc.o(.data)
    APBAHBPrescTable                         0x20000004   Data          16  stm32f10x_rcc.o(.data)
    .data                                    0x20000014   Section        4  delay.o(.data)
    fac_us                                   0x20000014   Data           1  delay.o(.data)
    fac_ms                                   0x20000016   Data           2  delay.o(.data)
    .data                                    0x20000018   Section        2  usart.o(.data)
    .data                                    0x2000001c   Section        4  usart.o(.data)
    .data                                    0x20000020   Section       20  system_stm32f10x.o(.data)
    .data                                    0x20000034   Section       36  pwm.o(.data)
    Bias                                     0x20000048   Data           4  pwm.o(.data)
    Pwm                                      0x2000004c   Data           4  pwm.o(.data)
    Integral_bias                            0x20000050   Data           4  pwm.o(.data)
    Last_Bias                                0x20000054   Data           4  pwm.o(.data)
    .data                                    0x20000058   Section        6  key.o(.data)
    .data                                    0x20000060   Section       64  tasks.o(.data)
    uxDeletedTasksWaitingCleanUp             0x20000064   Data           4  tasks.o(.data)
    uxCurrentNumberOfTasks                   0x20000068   Data           4  tasks.o(.data)
    xTickCount                               0x2000006c   Data           4  tasks.o(.data)
    uxTopReadyPriority                       0x20000070   Data           4  tasks.o(.data)
    xSchedulerRunning                        0x20000074   Data           4  tasks.o(.data)
    xPendedTicks                             0x20000078   Data           4  tasks.o(.data)
    xYieldPending                            0x2000007c   Data           4  tasks.o(.data)
    xNumOfOverflows                          0x20000080   Data           4  tasks.o(.data)
    uxTaskNumber                             0x20000084   Data           4  tasks.o(.data)
    xNextTaskUnblockTime                     0x20000088   Data           4  tasks.o(.data)
    xIdleTaskHandle                          0x2000008c   Data           4  tasks.o(.data)
    uxSchedulerSuspended                     0x20000094   Data           4  tasks.o(.data)
    pxDelayedTaskList                        0x20000098   Data           4  tasks.o(.data)
    pxOverflowDelayedTaskList                0x2000009c   Data           4  tasks.o(.data)
    .data                                    0x200000a0   Section      208  menu.o(.data)
    .data                                    0x20000170   Section       84  ui_menu.o(.data)
    .data                                    0x200001c4   Section        1  ui_menu.o(.data)
    .data                                    0x200001c6   Section        4  timer.o(.data)
    .bss                                     0x200001cc   Section      576  oled.o(.bss)
    .bss                                     0x2000040c   Section      200  usart.o(.bss)
    .bss                                     0x200004d4   Section       26  pwm.o(.bss)
    .bss                                     0x200004f0   Section       36  adc.o(.bss)
    .bss                                     0x20000514   Section      320  tasks.o(.bss)
    pxReadyTasksLists                        0x20000514   Data         160  tasks.o(.bss)
    xDelayedTaskList1                        0x200005b4   Data          32  tasks.o(.bss)
    xDelayedTaskList2                        0x200005d4   Data          32  tasks.o(.bss)
    xPendingReadyList                        0x200005f4   Data          32  tasks.o(.bss)
    xTasksWaitingTermination                 0x20000614   Data          32  tasks.o(.bss)
    xSuspendedTaskList                       0x20000634   Data          32  tasks.o(.bss)
    STACK                                    0x20000658   Section     1536  startup_stm32f10x_hd.o(STACK)

    Global Symbols

    Symbol Name                              Value     Ov Type        Size  Object(Section)

    BuildAttributes$$THM_ISAv4$P$D$K$B$S$PE$A:L22UL41UL21$X:L11$S22US41US21$IEEE1$IW$USESV6$~STKCKD$USESV7$~SHL$OTIME$ROPI$EBA8$MICROLIB$REQ8$PRES8$EABIv2 0x00000000   Number         0  anon$$obj.o ABSOLUTE
    __ARM_use_no_argv                        0x00000000   Number         0  main.o ABSOLUTE
    __use_no_errno                           0x00000000   Number         0  useno.o ABSOLUTE
    __use_no_exception_handling              0x00000000   Number         0  useno.o ABSOLUTE
    __use_no_fp                              0x00000000   Number         0  useno.o ABSOLUTE
    __use_no_heap                            0x00000000   Number         0  useno.o ABSOLUTE
    __use_no_heap_region                     0x00000000   Number         0  useno.o ABSOLUTE
    __use_no_semihosting                     0x00000000   Number         0  useno.o ABSOLUTE
    __use_no_semihosting_swi                 0x00000000   Number         0  useno.o ABSOLUTE
    __use_no_signal_handling                 0x00000000   Number         0  useno.o ABSOLUTE
    _printf_a                                0x00000000   Number         0  stubs.o ABSOLUTE
    _printf_c                                0x00000000   Number         0  stubs.o ABSOLUTE
    _printf_charcount                        0x00000000   Number         0  stubs.o ABSOLUTE
    _printf_d                                0x00000000   Number         0  stubs.o ABSOLUTE
    _printf_e                                0x00000000   Number         0  stubs.o ABSOLUTE
    _printf_f                                0x00000000   Number         0  stubs.o ABSOLUTE
    _printf_flags                            0x00000000   Number         0  stubs.o ABSOLUTE
    _printf_fp_dec                           0x00000000   Number         0  stubs.o ABSOLUTE
    _printf_fp_hex                           0x00000000   Number         0  stubs.o ABSOLUTE
    _printf_g                                0x00000000   Number         0  stubs.o ABSOLUTE
    _printf_i                                0x00000000   Number         0  stubs.o ABSOLUTE
    _printf_int_dec                          0x00000000   Number         0  stubs.o ABSOLUTE
    _printf_l                                0x00000000   Number         0  stubs.o ABSOLUTE
    _printf_lc                               0x00000000   Number         0  stubs.o ABSOLUTE
    _printf_ll                               0x00000000   Number         0  stubs.o ABSOLUTE
    _printf_lld                              0x00000000   Number         0  stubs.o ABSOLUTE
    _printf_lli                              0x00000000   Number         0  stubs.o ABSOLUTE
    _printf_llo                              0x00000000   Number         0  stubs.o ABSOLUTE
    _printf_llu                              0x00000000   Number         0  stubs.o ABSOLUTE
    _printf_llx                              0x00000000   Number         0  stubs.o ABSOLUTE
    _printf_longlong_dec                     0x00000000   Number         0  stubs.o ABSOLUTE
    _printf_longlong_hex                     0x00000000   Number         0  stubs.o ABSOLUTE
    _printf_longlong_oct                     0x00000000   Number         0  stubs.o ABSOLUTE
    _printf_ls                               0x00000000   Number         0  stubs.o ABSOLUTE
    _printf_mbtowc                           0x00000000   Number         0  stubs.o ABSOLUTE
    _printf_n                                0x00000000   Number         0  stubs.o ABSOLUTE
    _printf_o                                0x00000000   Number         0  stubs.o ABSOLUTE
    _printf_p                                0x00000000   Number         0  stubs.o ABSOLUTE
    _printf_percent                          0x00000000   Number         0  stubs.o ABSOLUTE
    _printf_pre_padding                      0x00000000   Number         0  stubs.o ABSOLUTE
    _printf_return_value                     0x00000000   Number         0  stubs.o ABSOLUTE
    _printf_s                                0x00000000   Number         0  stubs.o ABSOLUTE
    _printf_sizespec                         0x00000000   Number         0  stubs.o ABSOLUTE
    _printf_str                              0x00000000   Number         0  stubs.o ABSOLUTE
    _printf_truncate_signed                  0x00000000   Number         0  stubs.o ABSOLUTE
    _printf_truncate_unsigned                0x00000000   Number         0  stubs.o ABSOLUTE
    _printf_u                                0x00000000   Number         0  stubs.o ABSOLUTE
    _printf_wc                               0x00000000   Number         0  stubs.o ABSOLUTE
    _printf_wctomb                           0x00000000   Number         0  stubs.o ABSOLUTE
    _printf_widthprec                        0x00000000   Number         0  stubs.o ABSOLUTE
    _printf_x                                0x00000000   Number         0  stubs.o ABSOLUTE
    __cpp_initialize__aeabi_                  - Undefined Weak Reference
    __cxa_finalize                            - Undefined Weak Reference
    _clock_init                               - Undefined Weak Reference
    _microlib_exit                            - Undefined Weak Reference
    __Vectors_Size                           0x00000130   Number         0  startup_stm32f10x_hd.o ABSOLUTE
    __Vectors                                0x08000000   Data           4  startup_stm32f10x_hd.o(RESET)
    __Vectors_End                            0x08000130   Data           0  startup_stm32f10x_hd.o(RESET)
    __main                                   0x08000131   Thumb Code     0  entry.o(.ARM.Collect$$$$00000000)
    _main_stk                                0x08000131   Thumb Code     0  entry2.o(.ARM.Collect$$$$00000001)
    _main_scatterload                        0x08000135   Thumb Code     0  entry5.o(.ARM.Collect$$$$00000004)
    __main_after_scatterload                 0x08000139   Thumb Code     0  entry5.o(.ARM.Collect$$$$00000004)
    _main_clock                              0x08000139   Thumb Code     0  entry7b.o(.ARM.Collect$$$$00000008)
    _main_cpp_init                           0x08000139   Thumb Code     0  entry8b.o(.ARM.Collect$$$$0000000A)
    _main_init                               0x08000139   Thumb Code     0  entry9a.o(.ARM.Collect$$$$0000000B)
    __rt_final_cpp                           0x08000141   Thumb Code     0  entry10a.o(.ARM.Collect$$$$0000000D)
    __rt_final_exit                          0x08000141   Thumb Code     0  entry11a.o(.ARM.Collect$$$$0000000F)
    SVC_Handler                              0x08000145   Thumb Code    32  port.o(.emb_text)
    __asm___6_port_c_39a90d8d__prvStartFirstTask 0x08000169   Thumb Code    28  port.o(.emb_text)
    PendSV_Handler                           0x08000189   Thumb Code    72  port.o(.emb_text)
    vPortGetIPSR                             0x080001d5   Thumb Code     6  port.o(.emb_text)
    Reset_Handler                            0x080001dd   Thumb Code     8  startup_stm32f10x_hd.o(.text)
    ADC1_2_IRQHandler                        0x080001f7   Thumb Code     0  startup_stm32f10x_hd.o(.text)
    ADC3_IRQHandler                          0x080001f7   Thumb Code     0  startup_stm32f10x_hd.o(.text)
    CAN1_RX1_IRQHandler                      0x080001f7   Thumb Code     0  startup_stm32f10x_hd.o(.text)
    CAN1_SCE_IRQHandler                      0x080001f7   Thumb Code     0  startup_stm32f10x_hd.o(.text)
    DMA1_Channel1_IRQHandler                 0x080001f7   Thumb Code     0  startup_stm32f10x_hd.o(.text)
    DMA1_Channel2_IRQHandler                 0x080001f7   Thumb Code     0  startup_stm32f10x_hd.o(.text)
    DMA1_Channel3_IRQHandler                 0x080001f7   Thumb Code     0  startup_stm32f10x_hd.o(.text)
    DMA1_Channel4_IRQHandler                 0x080001f7   Thumb Code     0  startup_stm32f10x_hd.o(.text)
    DMA1_Channel5_IRQHandler                 0x080001f7   Thumb Code     0  startup_stm32f10x_hd.o(.text)
    DMA1_Channel6_IRQHandler                 0x080001f7   Thumb Code     0  startup_stm32f10x_hd.o(.text)
    DMA1_Channel7_IRQHandler                 0x080001f7   Thumb Code     0  startup_stm32f10x_hd.o(.text)
    DMA2_Channel1_IRQHandler                 0x080001f7   Thumb Code     0  startup_stm32f10x_hd.o(.text)
    DMA2_Channel2_IRQHandler                 0x080001f7   Thumb Code     0  startup_stm32f10x_hd.o(.text)
    DMA2_Channel3_IRQHandler                 0x080001f7   Thumb Code     0  startup_stm32f10x_hd.o(.text)
    DMA2_Channel4_5_IRQHandler               0x080001f7   Thumb Code     0  startup_stm32f10x_hd.o(.text)
    EXTI0_IRQHandler                         0x080001f7   Thumb Code     0  startup_stm32f10x_hd.o(.text)
    EXTI15_10_IRQHandler                     0x080001f7   Thumb Code     0  startup_stm32f10x_hd.o(.text)
    EXTI1_IRQHandler                         0x080001f7   Thumb Code     0  startup_stm32f10x_hd.o(.text)
    EXTI2_IRQHandler                         0x080001f7   Thumb Code     0  startup_stm32f10x_hd.o(.text)
    EXTI3_IRQHandler                         0x080001f7   Thumb Code     0  startup_stm32f10x_hd.o(.text)
    EXTI4_IRQHandler                         0x080001f7   Thumb Code     0  startup_stm32f10x_hd.o(.text)
    EXTI9_5_IRQHandler                       0x080001f7   Thumb Code     0  startup_stm32f10x_hd.o(.text)
    FLASH_IRQHandler                         0x080001f7   Thumb Code     0  startup_stm32f10x_hd.o(.text)
    FSMC_IRQHandler                          0x080001f7   Thumb Code     0  startup_stm32f10x_hd.o(.text)
    I2C1_ER_IRQHandler                       0x080001f7   Thumb Code     0  startup_stm32f10x_hd.o(.text)
    I2C1_EV_IRQHandler                       0x080001f7   Thumb Code     0  startup_stm32f10x_hd.o(.text)
    I2C2_ER_IRQHandler                       0x080001f7   Thumb Code     0  startup_stm32f10x_hd.o(.text)
    I2C2_EV_IRQHandler                       0x080001f7   Thumb Code     0  startup_stm32f10x_hd.o(.text)
    PVD_IRQHandler                           0x080001f7   Thumb Code     0  startup_stm32f10x_hd.o(.text)
    RCC_IRQHandler                           0x080001f7   Thumb Code     0  startup_stm32f10x_hd.o(.text)
    RTCAlarm_IRQHandler                      0x080001f7   Thumb Code     0  startup_stm32f10x_hd.o(.text)
    RTC_IRQHandler                           0x080001f7   Thumb Code     0  startup_stm32f10x_hd.o(.text)
    SDIO_IRQHandler                          0x080001f7   Thumb Code     0  startup_stm32f10x_hd.o(.text)
    SPI1_IRQHandler                          0x080001f7   Thumb Code     0  startup_stm32f10x_hd.o(.text)
    SPI2_IRQHandler                          0x080001f7   Thumb Code     0  startup_stm32f10x_hd.o(.text)
    SPI3_IRQHandler                          0x080001f7   Thumb Code     0  startup_stm32f10x_hd.o(.text)
    TAMPER_IRQHandler                        0x080001f7   Thumb Code     0  startup_stm32f10x_hd.o(.text)
    TIM1_BRK_IRQHandler                      0x080001f7   Thumb Code     0  startup_stm32f10x_hd.o(.text)
    TIM1_CC_IRQHandler                       0x080001f7   Thumb Code     0  startup_stm32f10x_hd.o(.text)
    TIM1_TRG_COM_IRQHandler                  0x080001f7   Thumb Code     0  startup_stm32f10x_hd.o(.text)
    TIM1_UP_IRQHandler                       0x080001f7   Thumb Code     0  startup_stm32f10x_hd.o(.text)
    TIM2_IRQHandler                          0x080001f7   Thumb Code     0  startup_stm32f10x_hd.o(.text)
    TIM5_IRQHandler                          0x080001f7   Thumb Code     0  startup_stm32f10x_hd.o(.text)
    TIM6_IRQHandler                          0x080001f7   Thumb Code     0  startup_stm32f10x_hd.o(.text)
    TIM7_IRQHandler                          0x080001f7   Thumb Code     0  startup_stm32f10x_hd.o(.text)
    TIM8_BRK_IRQHandler                      0x080001f7   Thumb Code     0  startup_stm32f10x_hd.o(.text)
    TIM8_CC_IRQHandler                       0x080001f7   Thumb Code     0  startup_stm32f10x_hd.o(.text)
    TIM8_TRG_COM_IRQHandler                  0x080001f7   Thumb Code     0  startup_stm32f10x_hd.o(.text)
    TIM8_UP_IRQHandler                       0x080001f7   Thumb Code     0  startup_stm32f10x_hd.o(.text)
    UART4_IRQHandler                         0x080001f7   Thumb Code     0  startup_stm32f10x_hd.o(.text)
    UART5_IRQHandler                         0x080001f7   Thumb Code     0  startup_stm32f10x_hd.o(.text)
    USART2_IRQHandler                        0x080001f7   Thumb Code     0  startup_stm32f10x_hd.o(.text)
    USART3_IRQHandler                        0x080001f7   Thumb Code     0  startup_stm32f10x_hd.o(.text)
    USBWakeUp_IRQHandler                     0x080001f7   Thumb Code     0  startup_stm32f10x_hd.o(.text)
    USB_HP_CAN1_TX_IRQHandler                0x080001f7   Thumb Code     0  startup_stm32f10x_hd.o(.text)
    USB_LP_CAN1_RX0_IRQHandler               0x080001f7   Thumb Code     0  startup_stm32f10x_hd.o(.text)
    WWDG_IRQHandler                          0x080001f7   Thumb Code     0  startup_stm32f10x_hd.o(.text)
    __aeabi_fadd                             0x08000201   Thumb Code   164  fadd.o(.text)
    __aeabi_fsub                             0x080002a5   Thumb Code     6  fadd.o(.text)
    __aeabi_frsub                            0x080002ab   Thumb Code     6  fadd.o(.text)
    __aeabi_fmul                             0x080002b1   Thumb Code   100  fmul.o(.text)
    __aeabi_dadd                             0x08000315   Thumb Code   322  dadd.o(.text)
    __aeabi_dsub                             0x08000457   Thumb Code     6  dadd.o(.text)
    __aeabi_drsub                            0x0800045d   Thumb Code     6  dadd.o(.text)
    __aeabi_dmul                             0x08000463   Thumb Code   228  dmul.o(.text)
    __aeabi_ddiv                             0x08000547   Thumb Code   222  ddiv.o(.text)
    __aeabi_i2f                              0x08000625   Thumb Code    18  fflti.o(.text)
    __aeabi_ui2f                             0x08000637   Thumb Code    10  ffltui.o(.text)
    __aeabi_ui2d                             0x08000641   Thumb Code    26  dfltui.o(.text)
    __aeabi_f2iz                             0x0800065b   Thumb Code    50  ffixi.o(.text)
    __aeabi_f2uiz                            0x0800068d   Thumb Code    40  ffixui.o(.text)
    __aeabi_d2uiz                            0x080006b5   Thumb Code    50  dfixui.o(.text)
    __aeabi_f2d                              0x080006e7   Thumb Code    38  f2d.o(.text)
    __aeabi_d2f                              0x0800070d   Thumb Code    56  d2f.o(.text)
    __aeabi_uidiv                            0x08000745   Thumb Code     0  uidiv.o(.text)
    __aeabi_uidivmod                         0x08000745   Thumb Code    44  uidiv.o(.text)
    __aeabi_llsl                             0x08000771   Thumb Code    30  llshl.o(.text)
    _ll_shift_l                              0x08000771   Thumb Code     0  llshl.o(.text)
    __aeabi_llsr                             0x0800078f   Thumb Code    32  llushr.o(.text)
    _ll_ushift_r                             0x0800078f   Thumb Code     0  llushr.o(.text)
    __aeabi_lasr                             0x080007af   Thumb Code    36  llsshr.o(.text)
    _ll_sshift_r                             0x080007af   Thumb Code     0  llsshr.o(.text)
    __I$use$fp                               0x080007d3   Thumb Code     0  iusefp.o(.text)
    _float_round                             0x080007d3   Thumb Code    18  fepilogue.o(.text)
    _float_epilogue                          0x080007e5   Thumb Code    92  fepilogue.o(.text)
    _double_round                            0x08000841   Thumb Code    30  depilogue.o(.text)
    _double_epilogue                         0x0800085f   Thumb Code   156  depilogue.o(.text)
    __scatterload                            0x080008fd   Thumb Code    28  init.o(.text)
    __scatterload_rt2                        0x080008fd   Thumb Code     0  init.o(.text)
    __decompress                             0x08000921   Thumb Code     0  __dczerorl2.o(.text)
    __decompress1                            0x08000921   Thumb Code    86  __dczerorl2.o(.text)
    ADC_Begin                                0x08000979   Thumb Code   236  adc.o(i.ADC_Begin)
    ADC_Cmd                                  0x08000a71   Thumb Code    20  stm32f10x_adc.o(i.ADC_Cmd)
    ADC_DMACmd                               0x08000a85   Thumb Code    20  stm32f10x_adc.o(i.ADC_DMACmd)
    ADC_GetResetCalibrationStatus            0x08000a99   Thumb Code    14  stm32f10x_adc.o(i.ADC_GetResetCalibrationStatus)
    ADC_GetSoftwareStartConvStatus           0x08000aa7   Thumb Code    14  stm32f10x_adc.o(i.ADC_GetSoftwareStartConvStatus)
    ADC_Get_Votage_Value                     0x08000ab5   Thumb Code   154  adc.o(i.ADC_Get_Votage_Value)
    ADC_Init                                 0x08000b79   Thumb Code    62  stm32f10x_adc.o(i.ADC_Init)
    ADC_RegularChannelConfig                 0x08000bc1   Thumb Code   116  stm32f10x_adc.o(i.ADC_RegularChannelConfig)
    ADC_ResetCalibration                     0x08000c35   Thumb Code    10  stm32f10x_adc.o(i.ADC_ResetCalibration)
    ADC_SoftwareStartConvCmd                 0x08000c3f   Thumb Code    20  stm32f10x_adc.o(i.ADC_SoftwareStartConvCmd)
    ADC_StartCalibration                     0x08000c53   Thumb Code    10  stm32f10x_adc.o(i.ADC_StartCalibration)
    ADC_TempSensorVrefintCmd                 0x08000c5d   Thumb Code    22  stm32f10x_adc.o(i.ADC_TempSensorVrefintCmd)
    AT24C32_Begin                            0x08000c79   Thumb Code    18  at24c32.o(i.AT24C32_Begin)
    AT24C32_Check                            0x08000c91   Thumb Code    28  at24c32.o(i.AT24C32_Check)
    AT24C32_Read_OneByte                     0x08000cad   Thumb Code    60  at24c32.o(i.AT24C32_Read_OneByte)
    AT24C32_Write_OneByte                    0x08000ce9   Thumb Code    54  at24c32.o(i.AT24C32_Write_OneByte)
    BusFault_Handler                         0x08000d1f   Thumb Code     2  stm32f10x_it.o(i.BusFault_Handler)
    CH224K_Begin                             0x08000d21   Thumb Code    64  ch224k.o(i.CH224K_Begin)
    CH224K_Set_Output_Voltage                0x08000d65   Thumb Code   168  ch224k.o(i.CH224K_Set_Output_Voltage)
    DMA_Cmd                                  0x08000ee1   Thumb Code    22  stm32f10x_dma.o(i.DMA_Cmd)
    DMA_DeInit                               0x08000ef9   Thumb Code   218  stm32f10x_dma.o(i.DMA_DeInit)
    DMA_Init                                 0x08000fdd   Thumb Code    58  stm32f10x_dma.o(i.DMA_Init)
    DebugMon_Handler                         0x08001017   Thumb Code     2  stm32f10x_it.o(i.DebugMon_Handler)
    GPIO_Begin                               0x08001019   Thumb Code    38  pwm.o(i.GPIO_Begin)
    GPIO_Init                                0x08001089   Thumb Code   162  stm32f10x_gpio.o(i.GPIO_Init)
    GPIO_OUT_IN                              0x0800112d   Thumb Code    64  wire.o(i.GPIO_OUT_IN)
    GPIO_ReadInputDataBit                    0x08001171   Thumb Code    14  stm32f10x_gpio.o(i.GPIO_ReadInputDataBit)
    GPIO_ResetBits                           0x0800117f   Thumb Code     4  stm32f10x_gpio.o(i.GPIO_ResetBits)
    GPIO_SetBits                             0x08001183   Thumb Code     4  stm32f10x_gpio.o(i.GPIO_SetBits)
    GPIO_inits                               0x08001189   Thumb Code    68  wire.o(i.GPIO_inits)
    Get_T12_ADC                              0x080011d1   Thumb Code    90  pwm.o(i.Get_T12_ADC)
    HardFault_Handler                        0x08001239   Thumb Code     2  stm32f10x_it.o(i.HardFault_Handler)
    I2C_ACK_Wait                             0x0800123d   Thumb Code    72  wire.o(i.I2C_ACK_Wait)
    I2C_NACK                                 0x08001289   Thumb Code    58  wire.o(i.I2C_NACK)
    I2C_Read_Byte                            0x080012c9   Thumb Code    70  wire.o(i.I2C_Read_Byte)
    I2C_Send_Byte                            0x08001315   Thumb Code    90  wire.o(i.I2C_Send_Byte)
    I2C_Start                                0x08001375   Thumb Code    52  oled.o(i.I2C_Start)
    I2C_Stop                                 0x080013ad   Thumb Code    36  oled.o(i.I2C_Stop)
    I2C_Stopping                             0x080013d5   Thumb Code    56  wire.o(i.I2C_Stopping)
    I2C_Strat                                0x08001411   Thumb Code    58  wire.o(i.I2C_Strat)
    I2C_WaitAck                              0x08001451   Thumb Code    44  oled.o(i.I2C_WaitAck)
    IIC_delay                                0x08001481   Thumb Code    10  oled.o(i.IIC_delay)
    KEY_Begin                                0x0800148d   Thumb Code    40  key.o(i.KEY_Begin)
    Key_Menu_Loop                            0x080014b9   Thumb Code   440  key.o(i.Key_Menu_Loop)
    MemManage_Handler                        0x08001711   Thumb Code     2  stm32f10x_it.o(i.MemManage_Handler)
    Menu_Loop                                0x08001715   Thumb Code    18  menu.o(i.Menu_Loop)
    NMI_Handler                              0x0800172d   Thumb Code     2  stm32f10x_it.o(i.NMI_Handler)
    NVIC_Init                                0x08001731   Thumb Code    94  misc.o(i.NVIC_Init)
    NVIC_PriorityGroupConfig                 0x08001795   Thumb Code    10  misc.o(i.NVIC_PriorityGroupConfig)
    OLED_Clear                               0x080017a9   Thumb Code    50  oled.o(i.OLED_Clear)
    OLED_Clear_Progress                      0x080017e1   Thumb Code    32  oled.o(i.OLED_Clear_Progress)
    OLED_ColorTurn                           0x08001805   Thumb Code    24  oled.o(i.OLED_ColorTurn)
    OLED_DisplayTurn                         0x0800181d   Thumb Code    44  oled.o(i.OLED_DisplayTurn)
    OLED_DrawLine                            0x08001849   Thumb Code   156  oled.o(i.OLED_DrawLine)
    OLED_DrawPoint                           0x080018e5   Thumb Code    40  oled.o(i.OLED_DrawPoint)
    OLED_DrawProgress                        0x08001911   Thumb Code    78  oled.o(i.OLED_DrawProgress)
    OLED_Draw_Rect                           0x0800195f   Thumb Code    74  oled.o(i.OLED_Draw_Rect)
    OLED_Init                                0x080019a9   Thumb Code   306  oled.o(i.OLED_Init)
    OLED_Pow                                 0x08001ae1   Thumb Code    16  oled.o(i.OLED_Pow)
    OLED_Refresh                             0x08001af1   Thumb Code   100  oled.o(i.OLED_Refresh)
    OLED_ShowChar                            0x08001b59   Thumb Code   212  oled.o(i.OLED_ShowChar)
    OLED_ShowChinese                         0x08001c3d   Thumb Code   198  oled.o(i.OLED_ShowChinese)
    OLED_ShowFloatNum2                       0x08001d11   Thumb Code   134  oled.o(i.OLED_ShowFloatNum2)
    OLED_ShowFloatNum3                       0x08001d9d   Thumb Code   144  oled.o(i.OLED_ShowFloatNum3)
    OLED_ShowNum                             0x08001e31   Thumb Code   110  oled.o(i.OLED_ShowNum)
    OLED_ShowPicture                         0x08001e9f   Thumb Code   156  oled.o(i.OLED_ShowPicture)
    OLED_ShowString                          0x08001f3b   Thumb Code    60  oled.o(i.OLED_ShowString)
    OLED_WR_Byte                             0x08001f77   Thumb Code    54  oled.o(i.OLED_WR_Byte)
    PWM_init                                 0x08002005   Thumb Code    88  pwm.o(i.PWM_init)
    Position_PID                             0x08002061   Thumb Code   106  pwm.o(i.Position_PID)
    RCC_ADCCLKConfig                         0x080020d5   Thumb Code    14  stm32f10x_rcc.o(i.RCC_ADCCLKConfig)
    RCC_AHBPeriphClockCmd                    0x080020e9   Thumb Code    18  stm32f10x_rcc.o(i.RCC_AHBPeriphClockCmd)
    RCC_APB1PeriphClockCmd                   0x08002101   Thumb Code    18  stm32f10x_rcc.o(i.RCC_APB1PeriphClockCmd)
    RCC_APB2PeriphClockCmd                   0x08002119   Thumb Code    18  stm32f10x_rcc.o(i.RCC_APB2PeriphClockCmd)
    RCC_GetClocksFreq                        0x08002131   Thumb Code   128  stm32f10x_rcc.o(i.RCC_GetClocksFreq)
    Send_Byte                                0x08002341   Thumb Code    66  oled.o(i.Send_Byte)
    SysTick_CLKSourceConfig                  0x08002431   Thumb Code    24  misc.o(i.SysTick_CLKSourceConfig)
    SysTick_Handler                          0x08002449   Thumb Code    38  port.o(i.SysTick_Handler)
    SystemInit                               0x08002475   Thumb Code    64  system_stm32f10x.o(i.SystemInit)
    T12_All_Set_Init                         0x080024c5   Thumb Code   102  key.o(i.T12_All_Set_Init)
    TIM3_Begin                               0x08002541   Thumb Code   102  timer.o(i.TIM3_Begin)
    TIM3_IRQHandler                          0x080025ad   Thumb Code   232  timer.o(i.TIM3_IRQHandler)
    TIM4_Begin                               0x080026a9   Thumb Code   104  timer.o(i.TIM4_Begin)
    TIM4_IRQHandler                          0x08002715   Thumb Code    82  timer.o(i.TIM4_IRQHandler)
    TIM_ClearFlag                            0x08002779   Thumb Code     6  stm32f10x_tim.o(i.TIM_ClearFlag)
    TIM_ClearITPendingBit                    0x0800277f   Thumb Code     6  stm32f10x_tim.o(i.TIM_ClearITPendingBit)
    TIM_Cmd                                  0x08002785   Thumb Code    20  stm32f10x_tim.o(i.TIM_Cmd)
    TIM_GetITStatus                          0x08002799   Thumb Code    24  stm32f10x_tim.o(i.TIM_GetITStatus)
    TIM_ITConfig                             0x080027b1   Thumb Code    16  stm32f10x_tim.o(i.TIM_ITConfig)
    TIM_OC3Init                              0x080027c1   Thumb Code   116  stm32f10x_tim.o(i.TIM_OC3Init)
    TIM_OC3PreloadConfig                     0x0800283d   Thumb Code    12  stm32f10x_tim.o(i.TIM_OC3PreloadConfig)
    TIM_SetCompare3                          0x08002849   Thumb Code     4  stm32f10x_tim.o(i.TIM_SetCompare3)
    TIM_TimeBaseInit                         0x0800284d   Thumb Code   114  stm32f10x_tim.o(i.TIM_TimeBaseInit)
    USART1_IRQHandler                        0x080028e9   Thumb Code    88  usart.o(i.USART1_IRQHandler)
    USART_Cmd                                0x0800294d   Thumb Code    20  stm32f10x_usart.o(i.USART_Cmd)
    USART_GetITStatus                        0x08002961   Thumb Code    62  stm32f10x_usart.o(i.USART_GetITStatus)
    USART_ITConfig                           0x0800299f   Thumb Code    48  stm32f10x_usart.o(i.USART_ITConfig)
    USART_Init                               0x080029d1   Thumb Code   166  stm32f10x_usart.o(i.USART_Init)
    USART_ReceiveData                        0x08002a7d   Thumb Code     8  stm32f10x_usart.o(i.USART_ReceiveData)
    Ui_Menu_Main                             0x08002a85   Thumb Code   250  ui_menu.o(i.Ui_Menu_Main)
    Ui_Menu_Son_ADJUST_set_function          0x08002ba9   Thumb Code    54  ui_menu.o(i.Ui_Menu_Son_ADJUST_set_function)
    Ui_Menu_Son_About_Information_function   0x08002be9   Thumb Code    68  ui_menu.o(i.Ui_Menu_Son_About_Information_function)
    Ui_Menu_Son_Calibrate                    0x08002c7d   Thumb Code   126  ui_menu.o(i.Ui_Menu_Son_Calibrate)
    Ui_Menu_Son_Calibrate_set                0x08002d11   Thumb Code   136  ui_menu.o(i.Ui_Menu_Son_Calibrate_set)
    Ui_Menu_Son_Enter_Key_function           0x08002db5   Thumb Code    54  ui_menu.o(i.Ui_Menu_Son_Enter_Key_function)
    Ui_Menu_Son_Set                          0x08002df5   Thumb Code   126  ui_menu.o(i.Ui_Menu_Son_Set)
    Ui_Menu_Son_Skin_set                     0x08002e85   Thumb Code  1364  ui_menu.o(i.Ui_Menu_Son_Skin_set)
    Ui_Menu_Son_Temp_low_power_set_function  0x08003445   Thumb Code    46  ui_menu.o(i.Ui_Menu_Son_Temp_low_power_set_function)
    Ui_Menu_Son_Temp_step_number_set_function 0x08003489   Thumb Code    46  ui_menu.o(i.Ui_Menu_Son_Temp_step_number_set_function)
    Ui_Menu_Son_Time_low_power_set_function  0x080034d1   Thumb Code    46  ui_menu.o(i.Ui_Menu_Son_Time_low_power_set_function)
    Ui_Menu_Son_Voltage                      0x08003515   Thumb Code   126  ui_menu.o(i.Ui_Menu_Son_Voltage)
    Ui_Menu_Son_Voltage_12V                  0x080035a9   Thumb Code   126  ui_menu.o(i.Ui_Menu_Son_Voltage_12V)
    Ui_Menu_Son_Voltage_15V                  0x0800367d   Thumb Code   126  ui_menu.o(i.Ui_Menu_Son_Voltage_15V)
    Ui_Menu_Son_Voltage_20V                  0x08003751   Thumb Code   126  ui_menu.o(i.Ui_Menu_Son_Voltage_20V)
    Ui_Menu_Son_Voltage_5V                   0x08003829   Thumb Code   126  ui_menu.o(i.Ui_Menu_Son_Voltage_5V)
    Ui_Menu_Son_Voltage_9V                   0x080038fd   Thumb Code   126  ui_menu.o(i.Ui_Menu_Son_Voltage_9V)
    UsageFault_Handler                       0x080039d1   Thumb Code     2  stm32f10x_it.o(i.UsageFault_Handler)
    __0printf$1                              0x080039d5   Thumb Code    22  printf1.o(i.__0printf$1)
    __1printf$1                              0x080039d5   Thumb Code     0  printf1.o(i.__0printf$1)
    __2printf                                0x080039d5   Thumb Code     0  printf1.o(i.__0printf$1)
    __scatterload_copy                       0x080039f5   Thumb Code    14  handlers.o(i.__scatterload_copy)
    __scatterload_null                       0x08003a03   Thumb Code     2  handlers.o(i.__scatterload_null)
    __scatterload_zeroinit                   0x08003a05   Thumb Code    14  handlers.o(i.__scatterload_zeroinit)
    delay_init                               0x08003be1   Thumb Code    46  delay.o(i.delay_init)
    delay_ms                                 0x08003c1d   Thumb Code    46  delay.o(i.delay_ms)
    delay_us                                 0x08003c51   Thumb Code    46  delay.o(i.delay_us)
    fputc                                    0x08003c85   Thumb Code    18  usart.o(i.fputc)
    main                                     0x08003c9d   Thumb Code   118  main.o(i.main)
    uart_init                                0x08003db1   Thumb Code   152  usart.o(i.uart_init)
    vTaskSwitchContext                       0x08003e51   Thumb Code    56  tasks.o(i.vTaskSwitchContext)
    xTaskIncrementTick                       0x08003e91   Thumb Code   268  tasks.o(i.xTaskIncrementTick)
    asc2_0806                                0x08003fa4   Data         552  oled.o(.constdata)
    asc2_1206                                0x080041cc   Data        1140  oled.o(.constdata)
    asc2_1608                                0x08004640   Data        1520  oled.o(.constdata)
    asc2_2412                                0x08004c30   Data        3420  oled.o(.constdata)
    Hzk1                                     0x0800598c   Data        1248  oled.o(.constdata)
    Hzk2                                     0x08005e6c   Data         432  oled.o(.constdata)
    Hzk3                                     0x0800601c   Data         128  oled.o(.constdata)
    Hzk4                                     0x0800609c   Data         512  oled.o(.constdata)
    Region$$Table$$Base                      0x0800629c   Number         0  anon$$obj.o(Region$$Table)
    Region$$Table$$Limit                     0x080062bc   Number         0  anon$$obj.o(Region$$Table)
    USART_RX_STA                             0x20000018   Data           2  usart.o(.data)
    __stdout                                 0x2000001c   Data           4  usart.o(.data)
    SystemCoreClock                          0x20000020   Data           4  system_stm32f10x.o(.data)
    AHBPrescTable                            0x20000024   Data          16  system_stm32f10x.o(.data)
    PWM_Num                                  0x20000034   Data           2  pwm.o(.data)
    Position_KP                              0x20000038   Data           4  pwm.o(.data)
    Position_KI                              0x2000003c   Data           4  pwm.o(.data)
    Position_KD                              0x20000040   Data           4  pwm.o(.data)
    pt                                       0x20000044   Data           4  pwm.o(.data)
    Voltage_FLAG                             0x20000058   Data           1  key.o(.data)
    rotation_Flag                            0x20000059   Data           1  key.o(.data)
    C_E_cut_Flag                             0x2000005a   Data           1  key.o(.data)
    skin_Flag                                0x2000005b   Data           1  key.o(.data)
    T12_Set_Temp                             0x2000005c   Data           2  key.o(.data)
    pxCurrentTCB                             0x20000060   Data           4  tasks.o(.data)
    uxTopUsedPriority                        0x20000090   Data           4  tasks.o(.data)
    index_cp                                 0x200000a0   Data           1  menu.o(.data)
    current_operation_func                   0x200000a4   Data           4  menu.o(.data)
    M_G                                      0x200000a8   Data         200  menu.o(.data)
    Calibrate_Value                          0x20000170   Data           2  ui_menu.o(.data)
    Low_power_Time_Value                     0x20000172   Data           2  ui_menu.o(.data)
    Low_power_Temp_Value                     0x20000174   Data           2  ui_menu.o(.data)
    Temperature_steps_Value                  0x20000178   Data           4  ui_menu.o(.data)
    BMP1                                     0x2000017c   Data          72  ui_menu.o(.data)
    Temp_define_Flag                         0x200001c4   Data           1  ui_menu.o(.data)
    PWM_Display_Flag                         0x200001c6   Data           1  timer.o(.data)
    Tim_time                                 0x200001c8   Data           2  timer.o(.data)
    OLED_GRAM                                0x200001cc   Data         576  oled.o(.bss)
    USART_RX_BUF                             0x2000040c   Data         200  usart.o(.bss)
    TIM_InitStrcuture                        0x200004d4   Data          10  pwm.o(.bss)
    PWM_InitSturcture                        0x200004de   Data          16  pwm.o(.bss)
    BUff                                     0x200004f0   Data          18  adc.o(.bss)
    RV                                       0x20000504   Data          16  adc.o(.bss)
    __initial_sp                             0x20000c58   Data           0  startup_stm32f10x_hd.o(STACK)



==============================================================================

Memory Map of the image

  Image Entry point : 0x08000131

  Load Region LR_IROM1 (Base: 0x08000000, Size: 0x00006488, Max: 0x00010000, ABSOLUTE, COMPRESSED[0x000063b8])

    Execution Region ER_IROM1 (Exec base: 0x08000000, Load base: 0x08000000, Size: 0x000062bc, Max: 0x00010000, ABSOLUTE)

    Exec Addr    Load Addr    Size         Type   Attr      Idx    E Section Name        Object

    0x08000000   0x08000000   0x00000130   Data   RO           19    RESET               startup_stm32f10x_hd.o
    0x08000130   0x08000130   0x00000000   Code   RO         4995  * .ARM.Collect$$$$00000000  mc_w.l(entry.o)
    0x08000130   0x08000130   0x00000004   Code   RO         5291    .ARM.Collect$$$$00000001  mc_w.l(entry2.o)
    0x08000134   0x08000134   0x00000004   Code   RO         5294    .ARM.Collect$$$$00000004  mc_w.l(entry5.o)
    0x08000138   0x08000138   0x00000000   Code   RO         5296    .ARM.Collect$$$$00000008  mc_w.l(entry7b.o)
    0x08000138   0x08000138   0x00000000   Code   RO         5298    .ARM.Collect$$$$0000000A  mc_w.l(entry8b.o)
    0x08000138   0x08000138   0x00000008   Code   RO         5299    .ARM.Collect$$$$0000000B  mc_w.l(entry9a.o)
    0x08000140   0x08000140   0x00000000   Code   RO         5301    .ARM.Collect$$$$0000000D  mc_w.l(entry10a.o)
    0x08000140   0x08000140   0x00000000   Code   RO         5303    .ARM.Collect$$$$0000000F  mc_w.l(entry11a.o)
    0x08000140   0x08000140   0x00000004   Code   RO         5292    .ARM.Collect$$$$00002712  mc_w.l(entry2.o)
    0x08000144   0x08000144   0x00000096   Code   RO         4494    .emb_text           port.o
    0x080001da   0x080001da   0x00000002   PAD
    0x080001dc   0x080001dc   0x00000024   Code   RO           20    .text               startup_stm32f10x_hd.o
    0x08000200   0x08000200   0x000000b0   Code   RO         5265    .text               mf_w.l(fadd.o)
    0x080002b0   0x080002b0   0x00000064   Code   RO         5267    .text               mf_w.l(fmul.o)
    0x08000314   0x08000314   0x0000014e   Code   RO         5269    .text               mf_w.l(dadd.o)
    0x08000462   0x08000462   0x000000e4   Code   RO         5271    .text               mf_w.l(dmul.o)
    0x08000546   0x08000546   0x000000de   Code   RO         5273    .text               mf_w.l(ddiv.o)
    0x08000624   0x08000624   0x00000012   Code   RO         5275    .text               mf_w.l(fflti.o)
    0x08000636   0x08000636   0x0000000a   Code   RO         5277    .text               mf_w.l(ffltui.o)
    0x08000640   0x08000640   0x0000001a   Code   RO         5279    .text               mf_w.l(dfltui.o)
    0x0800065a   0x0800065a   0x00000032   Code   RO         5281    .text               mf_w.l(ffixi.o)
    0x0800068c   0x0800068c   0x00000028   Code   RO         5283    .text               mf_w.l(ffixui.o)
    0x080006b4   0x080006b4   0x00000032   Code   RO         5285    .text               mf_w.l(dfixui.o)
    0x080006e6   0x080006e6   0x00000026   Code   RO         5287    .text               mf_w.l(f2d.o)
    0x0800070c   0x0800070c   0x00000038   Code   RO         5289    .text               mf_w.l(d2f.o)
    0x08000744   0x08000744   0x0000002c   Code   RO         5305    .text               mc_w.l(uidiv.o)
    0x08000770   0x08000770   0x0000001e   Code   RO         5309    .text               mc_w.l(llshl.o)
    0x0800078e   0x0800078e   0x00000020   Code   RO         5311    .text               mc_w.l(llushr.o)
    0x080007ae   0x080007ae   0x00000024   Code   RO         5313    .text               mc_w.l(llsshr.o)
    0x080007d2   0x080007d2   0x00000000   Code   RO         5315    .text               mc_w.l(iusefp.o)
    0x080007d2   0x080007d2   0x0000006e   Code   RO         5316    .text               mf_w.l(fepilogue.o)
    0x08000840   0x08000840   0x000000ba   Code   RO         5318    .text               mf_w.l(depilogue.o)
    0x080008fa   0x080008fa   0x00000002   PAD
    0x080008fc   0x080008fc   0x00000024   Code   RO         5324    .text               mc_w.l(init.o)
    0x08000920   0x08000920   0x00000056   Code   RO         5334    .text               mc_w.l(__dczerorl2.o)
    0x08000976   0x08000976   0x00000002   PAD
    0x08000978   0x08000978   0x000000f8   Code   RO         3675    i.ADC_Begin         adc.o
    0x08000a70   0x08000a70   0x00000014   Code   RO          318    i.ADC_Cmd           stm32f10x_adc.o
    0x08000a84   0x08000a84   0x00000014   Code   RO          319    i.ADC_DMACmd        stm32f10x_adc.o
    0x08000a98   0x08000a98   0x0000000e   Code   RO          332    i.ADC_GetResetCalibrationStatus  stm32f10x_adc.o
    0x08000aa6   0x08000aa6   0x0000000e   Code   RO          333    i.ADC_GetSoftwareStartConvStatus  stm32f10x_adc.o
    0x08000ab4   0x08000ab4   0x000000c4   Code   RO         3677    i.ADC_Get_Votage_Value  adc.o
    0x08000b78   0x08000b78   0x00000048   Code   RO          336    i.ADC_Init          stm32f10x_adc.o
    0x08000bc0   0x08000bc0   0x00000074   Code   RO          340    i.ADC_RegularChannelConfig  stm32f10x_adc.o
    0x08000c34   0x08000c34   0x0000000a   Code   RO          341    i.ADC_ResetCalibration  stm32f10x_adc.o
    0x08000c3e   0x08000c3e   0x00000014   Code   RO          343    i.ADC_SoftwareStartConvCmd  stm32f10x_adc.o
    0x08000c52   0x08000c52   0x0000000a   Code   RO          345    i.ADC_StartCalibration  stm32f10x_adc.o
    0x08000c5c   0x08000c5c   0x0000001c   Code   RO          347    i.ADC_TempSensorVrefintCmd  stm32f10x_adc.o
    0x08000c78   0x08000c78   0x00000018   Code   RO         4960    i.AT24C32_Begin     at24c32.o
    0x08000c90   0x08000c90   0x0000001c   Code   RO         4961    i.AT24C32_Check     at24c32.o
    0x08000cac   0x08000cac   0x0000003c   Code   RO         4962    i.AT24C32_Read_OneByte  at24c32.o
    0x08000ce8   0x08000ce8   0x00000036   Code   RO         4963    i.AT24C32_Write_OneByte  at24c32.o
    0x08000d1e   0x08000d1e   0x00000002   Code   RO         3384    i.BusFault_Handler  stm32f10x_it.o
    0x08000d20   0x08000d20   0x00000044   Code   RO         4565    i.CH224K_Begin      ch224k.o
    0x08000d64   0x08000d64   0x000000ac   Code   RO         4566    i.CH224K_Set_Output_Voltage  ch224k.o
    0x08000e10   0x08000e10   0x000000d0   Code   RO         3607    i.Calibrate_set_success  key.o
    0x08000ee0   0x08000ee0   0x00000016   Code   RO         1018    i.DMA_Cmd           stm32f10x_dma.o
    0x08000ef6   0x08000ef6   0x00000002   PAD
    0x08000ef8   0x08000ef8   0x000000e4   Code   RO         1019    i.DMA_DeInit        stm32f10x_dma.o
    0x08000fdc   0x08000fdc   0x0000003a   Code   RO         1024    i.DMA_Init          stm32f10x_dma.o
    0x08001016   0x08001016   0x00000002   Code   RO         3385    i.DebugMon_Handler  stm32f10x_it.o
    0x08001018   0x08001018   0x0000002c   Code   RO         3562    i.GPIO_Begin        pwm.o
    0x08001044   0x08001044   0x00000044   Code   RO         3679    i.GPIO_Begin        adc.o
    0x08001088   0x08001088   0x000000a2   Code   RO         1446    i.GPIO_Init         stm32f10x_gpio.o
    0x0800112a   0x0800112a   0x00000002   PAD
    0x0800112c   0x0800112c   0x00000044   Code   RO         4899    i.GPIO_OUT_IN       wire.o
    0x08001170   0x08001170   0x0000000e   Code   RO         1450    i.GPIO_ReadInputDataBit  stm32f10x_gpio.o
    0x0800117e   0x0800117e   0x00000004   Code   RO         1453    i.GPIO_ResetBits    stm32f10x_gpio.o
    0x08001182   0x08001182   0x00000004   Code   RO         1454    i.GPIO_SetBits      stm32f10x_gpio.o
    0x08001186   0x08001186   0x00000002   PAD
    0x08001188   0x08001188   0x00000048   Code   RO         4900    i.GPIO_inits        wire.o
    0x080011d0   0x080011d0   0x00000068   Code   RO         3563    i.Get_T12_ADC       pwm.o
    0x08001238   0x08001238   0x00000002   Code   RO         3386    i.HardFault_Handler  stm32f10x_it.o
    0x0800123a   0x0800123a   0x00000002   PAD
    0x0800123c   0x0800123c   0x0000004c   Code   RO         4902    i.I2C_ACK_Wait      wire.o
    0x08001288   0x08001288   0x00000040   Code   RO         4903    i.I2C_NACK          wire.o
    0x080012c8   0x080012c8   0x0000004c   Code   RO         4904    i.I2C_Read_Byte     wire.o
    0x08001314   0x08001314   0x00000060   Code   RO         4905    i.I2C_Send_Byte     wire.o
    0x08001374   0x08001374   0x00000038   Code   RO           24    i.I2C_Start         oled.o
    0x080013ac   0x080013ac   0x00000028   Code   RO           25    i.I2C_Stop          oled.o
    0x080013d4   0x080013d4   0x0000003c   Code   RO         4906    i.I2C_Stopping      wire.o
    0x08001410   0x08001410   0x00000040   Code   RO         4907    i.I2C_Strat         wire.o
    0x08001450   0x08001450   0x00000030   Code   RO           26    i.I2C_WaitAck       oled.o
    0x08001480   0x08001480   0x0000000a   Code   RO           27    i.IIC_delay         oled.o
    0x0800148a   0x0800148a   0x00000002   PAD
    0x0800148c   0x0800148c   0x0000002c   Code   RO         3608    i.KEY_Begin         key.o
    0x080014b8   0x080014b8   0x000001d0   Code   RO         3609    i.Key_Menu_Loop     key.o
    0x08001688   0x08001688   0x00000044   Code   RO         3610    i.Low_power_Temp_Value_set  key.o
    0x080016cc   0x080016cc   0x00000044   Code   RO         3611    i.Low_power_Time_Value_set  key.o
    0x08001710   0x08001710   0x00000002   Code   RO         3387    i.MemManage_Handler  stm32f10x_it.o
    0x08001712   0x08001712   0x00000002   PAD
    0x08001714   0x08001714   0x00000018   Code   RO         4589    i.Menu_Loop         menu.o
    0x0800172c   0x0800172c   0x00000002   Code   RO         3388    i.NMI_Handler       stm32f10x_it.o
    0x0800172e   0x0800172e   0x00000002   PAD
    0x08001730   0x08001730   0x00000064   Code   RO          276    i.NVIC_Init         misc.o
    0x08001794   0x08001794   0x00000014   Code   RO          277    i.NVIC_PriorityGroupConfig  misc.o
    0x080017a8   0x080017a8   0x00000038   Code   RO           28    i.OLED_Clear        oled.o
    0x080017e0   0x080017e0   0x00000024   Code   RO           30    i.OLED_Clear_Progress  oled.o
    0x08001804   0x08001804   0x00000018   Code   RO           31    i.OLED_ColorTurn    oled.o
    0x0800181c   0x0800181c   0x0000002c   Code   RO           34    i.OLED_DisplayTurn  oled.o
    0x08001848   0x08001848   0x0000009c   Code   RO           36    i.OLED_DrawLine     oled.o
    0x080018e4   0x080018e4   0x0000002c   Code   RO           37    i.OLED_DrawPoint    oled.o
    0x08001910   0x08001910   0x0000004e   Code   RO           38    i.OLED_DrawProgress  oled.o
    0x0800195e   0x0800195e   0x0000004a   Code   RO           39    i.OLED_Draw_Rect    oled.o
    0x080019a8   0x080019a8   0x00000138   Code   RO           40    i.OLED_Init         oled.o
    0x08001ae0   0x08001ae0   0x00000010   Code   RO           41    i.OLED_Pow          oled.o
    0x08001af0   0x08001af0   0x00000068   Code   RO           42    i.OLED_Refresh      oled.o
    0x08001b58   0x08001b58   0x000000e4   Code   RO           44    i.OLED_ShowChar     oled.o
    0x08001c3c   0x08001c3c   0x000000d4   Code   RO           45    i.OLED_ShowChinese  oled.o
    0x08001d10   0x08001d10   0x0000008c   Code   RO           47    i.OLED_ShowFloatNum2  oled.o
    0x08001d9c   0x08001d9c   0x00000094   Code   RO           48    i.OLED_ShowFloatNum3  oled.o
    0x08001e30   0x08001e30   0x0000006e   Code   RO           50    i.OLED_ShowNum      oled.o
    0x08001e9e   0x08001e9e   0x0000009c   Code   RO           51    i.OLED_ShowPicture  oled.o
    0x08001f3a   0x08001f3a   0x0000003c   Code   RO           52    i.OLED_ShowString   oled.o
    0x08001f76   0x08001f76   0x00000036   Code   RO           53    i.OLED_WR_Byte      oled.o
    0x08001fac   0x08001fac   0x00000058   Code   RO         3612    i.PD_Set            key.o
    0x08002004   0x08002004   0x0000005c   Code   RO         3564    i.PWM_init          pwm.o
    0x08002060   0x08002060   0x00000074   Code   RO         3565    i.Position_PID      pwm.o
    0x080020d4   0x080020d4   0x00000014   Code   RO         1869    i.RCC_ADCCLKConfig  stm32f10x_rcc.o
    0x080020e8   0x080020e8   0x00000018   Code   RO         1870    i.RCC_AHBPeriphClockCmd  stm32f10x_rcc.o
    0x08002100   0x08002100   0x00000018   Code   RO         1871    i.RCC_APB1PeriphClockCmd  stm32f10x_rcc.o
    0x08002118   0x08002118   0x00000018   Code   RO         1873    i.RCC_APB2PeriphClockCmd  stm32f10x_rcc.o
    0x08002130   0x08002130   0x00000090   Code   RO         1881    i.RCC_GetClocksFreq  stm32f10x_rcc.o
    0x080021c0   0x080021c0   0x00000180   Code   RO         3613    i.Reset_set_success  key.o
    0x08002340   0x08002340   0x00000048   Code   RO           54    i.Send_Byte         oled.o
    0x08002388   0x08002388   0x000000a8   Code   RO         3452    i.SetSysClockTo72   system_stm32f10x.o
    0x08002430   0x08002430   0x00000018   Code   RO          280    i.SysTick_CLKSourceConfig  misc.o
    0x08002448   0x08002448   0x0000002c   Code   RO         4495    i.SysTick_Handler   port.o
    0x08002474   0x08002474   0x00000050   Code   RO         3454    i.SystemInit        system_stm32f10x.o
    0x080024c4   0x080024c4   0x0000007c   Code   RO         3614    i.T12_All_Set_Init  key.o
    0x08002540   0x08002540   0x0000006c   Code   RO         4856    i.TIM3_Begin        timer.o
    0x080025ac   0x080025ac   0x000000fc   Code   RO         4857    i.TIM3_IRQHandler   timer.o
    0x080026a8   0x080026a8   0x0000006c   Code   RO         4858    i.TIM4_Begin        timer.o
    0x08002714   0x08002714   0x00000064   Code   RO         4859    i.TIM4_IRQHandler   timer.o
    0x08002778   0x08002778   0x00000006   Code   RO         2502    i.TIM_ClearFlag     stm32f10x_tim.o
    0x0800277e   0x0800277e   0x00000006   Code   RO         2503    i.TIM_ClearITPendingBit  stm32f10x_tim.o
    0x08002784   0x08002784   0x00000014   Code   RO         2508    i.TIM_Cmd           stm32f10x_tim.o
    0x08002798   0x08002798   0x00000018   Code   RO         2529    i.TIM_GetITStatus   stm32f10x_tim.o
    0x080027b0   0x080027b0   0x00000010   Code   RO         2533    i.TIM_ITConfig      stm32f10x_tim.o
    0x080027c0   0x080027c0   0x0000007c   Code   RO         2547    i.TIM_OC3Init       stm32f10x_tim.o
    0x0800283c   0x0800283c   0x0000000c   Code   RO         2550    i.TIM_OC3PreloadConfig  stm32f10x_tim.o
    0x08002848   0x08002848   0x00000004   Code   RO         2571    i.TIM_SetCompare3   stm32f10x_tim.o
    0x0800284c   0x0800284c   0x0000009c   Code   RO         2579    i.TIM_TimeBaseInit  stm32f10x_tim.o
    0x080028e8   0x080028e8   0x00000064   Code   RO         3342    i.USART1_IRQHandler  usart.o
    0x0800294c   0x0800294c   0x00000014   Code   RO         3035    i.USART_Cmd         stm32f10x_usart.o
    0x08002960   0x08002960   0x0000003e   Code   RO         3039    i.USART_GetITStatus  stm32f10x_usart.o
    0x0800299e   0x0800299e   0x00000030   Code   RO         3041    i.USART_ITConfig    stm32f10x_usart.o
    0x080029ce   0x080029ce   0x00000002   PAD
    0x080029d0   0x080029d0   0x000000ac   Code   RO         3042    i.USART_Init        stm32f10x_usart.o
    0x08002a7c   0x08002a7c   0x00000008   Code   RO         3049    i.USART_ReceiveData  stm32f10x_usart.o
    0x08002a84   0x08002a84   0x00000124   Code   RO         4727    i.Ui_Menu_Main      ui_menu.o
    0x08002ba8   0x08002ba8   0x00000040   Code   RO         4728    i.Ui_Menu_Son_ADJUST_set_function  ui_menu.o
    0x08002be8   0x08002be8   0x00000094   Code   RO         4729    i.Ui_Menu_Son_About_Information_function  ui_menu.o
    0x08002c7c   0x08002c7c   0x00000094   Code   RO         4730    i.Ui_Menu_Son_Calibrate  ui_menu.o
    0x08002d10   0x08002d10   0x000000a4   Code   RO         4731    i.Ui_Menu_Son_Calibrate_set  ui_menu.o
    0x08002db4   0x08002db4   0x00000040   Code   RO         4732    i.Ui_Menu_Son_Enter_Key_function  ui_menu.o
    0x08002df4   0x08002df4   0x00000090   Code   RO         4733    i.Ui_Menu_Son_Set   ui_menu.o
    0x08002e84   0x08002e84   0x000005c0   Code   RO         4734    i.Ui_Menu_Son_Skin_set  ui_menu.o
    0x08003444   0x08003444   0x00000044   Code   RO         4736    i.Ui_Menu_Son_Temp_low_power_set_function  ui_menu.o
    0x08003488   0x08003488   0x00000048   Code   RO         4737    i.Ui_Menu_Son_Temp_step_number_set_function  ui_menu.o
    0x080034d0   0x080034d0   0x00000044   Code   RO         4738    i.Ui_Menu_Son_Time_low_power_set_function  ui_menu.o
    0x08003514   0x08003514   0x00000094   Code   RO         4739    i.Ui_Menu_Son_Voltage  ui_menu.o
    0x080035a8   0x080035a8   0x000000d4   Code   RO         4740    i.Ui_Menu_Son_Voltage_12V  ui_menu.o
    0x0800367c   0x0800367c   0x000000d4   Code   RO         4741    i.Ui_Menu_Son_Voltage_15V  ui_menu.o
    0x08003750   0x08003750   0x000000d8   Code   RO         4742    i.Ui_Menu_Son_Voltage_20V  ui_menu.o
    0x08003828   0x08003828   0x000000d4   Code   RO         4743    i.Ui_Menu_Son_Voltage_5V  ui_menu.o
    0x080038fc   0x080038fc   0x000000d4   Code   RO         4744    i.Ui_Menu_Son_Voltage_9V  ui_menu.o
    0x080039d0   0x080039d0   0x00000002   Code   RO         3389    i.UsageFault_Handler  stm32f10x_it.o
    0x080039d2   0x080039d2   0x00000002   PAD
    0x080039d4   0x080039d4   0x00000020   Code   RO         5049    i.__0printf$1       mc_w.l(printf1.o)
    0x080039f4   0x080039f4   0x0000000e   Code   RO         5328    i.__scatterload_copy  mc_w.l(handlers.o)
    0x08003a02   0x08003a02   0x00000002   Code   RO         5329    i.__scatterload_null  mc_w.l(handlers.o)
    0x08003a04   0x08003a04   0x0000000e   Code   RO         5330    i.__scatterload_zeroinit  mc_w.l(handlers.o)
    0x08003a12   0x08003a12   0x00000002   PAD
    0x08003a14   0x08003a14   0x00000154   Code   RO         5056    i._printf_core      mc_w.l(printf1.o)
    0x08003b68   0x08003b68   0x0000003c   Code   RO         3615    i.calibration_add   key.o
    0x08003ba4   0x08003ba4   0x0000003c   Code   RO         3616    i.calibration_set_add_minus  key.o
    0x08003be0   0x08003be0   0x0000003c   Code   RO         3269    i.delay_init        delay.o
    0x08003c1c   0x08003c1c   0x00000034   Code   RO         3270    i.delay_ms          delay.o
    0x08003c50   0x08003c50   0x00000034   Code   RO         3271    i.delay_us          delay.o
    0x08003c84   0x08003c84   0x00000018   Code   RO         3344    i.fputc             usart.o
    0x08003c9c   0x08003c9c   0x00000088   Code   RO         3483    i.main              main.o
    0x08003d24   0x08003d24   0x00000004   Code   RO         4590    i.menu_part_main    menu.o
    0x08003d28   0x08003d28   0x00000006   Code   RO         4591    i.menu_part_son_eleven  menu.o
    0x08003d2e   0x08003d2e   0x00000006   Code   RO         4592    i.menu_part_son_fifteen  menu.o
    0x08003d34   0x08003d34   0x00000004   Code   RO         4593    i.menu_part_son_five  menu.o
    0x08003d38   0x08003d38   0x00000004   Code   RO         4594    i.menu_part_son_four  menu.o
    0x08003d3c   0x08003d3c   0x00000006   Code   RO         4595    i.menu_part_son_fourteen  menu.o
    0x08003d42   0x08003d42   0x00000004   Code   RO         4596    i.menu_part_son_nine  menu.o
    0x08003d46   0x08003d46   0x00000004   Code   RO         4597    i.menu_part_son_one  menu.o
    0x08003d4a   0x08003d4a   0x00000004   Code   RO         4598    i.menu_part_son_seven  menu.o
    0x08003d4e   0x08003d4e   0x00000006   Code   RO         4599    i.menu_part_son_seventeen  menu.o
    0x08003d54   0x08003d54   0x00000006   Code   RO         4600    i.menu_part_son_seventeen_CP  menu.o
    0x08003d5a   0x08003d5a   0x00000004   Code   RO         4601    i.menu_part_son_six  menu.o
    0x08003d5e   0x08003d5e   0x00000006   Code   RO         4602    i.menu_part_son_sixteen  menu.o
    0x08003d64   0x08003d64   0x00000004   Code   RO         4603    i.menu_part_son_ten  menu.o
    0x08003d68   0x08003d68   0x00000006   Code   RO         4604    i.menu_part_son_thirteen  menu.o
    0x08003d6e   0x08003d6e   0x00000004   Code   RO         4605    i.menu_part_son_three  menu.o
    0x08003d72   0x08003d72   0x00000004   Code   RO         4606    i.menu_part_son_tow  menu.o
    0x08003d76   0x08003d76   0x00000006   Code   RO         4607    i.menu_part_son_twelve  menu.o
    0x08003d7c   0x08003d7c   0x00000004   Code   RO         4608    i.menu_part_son_twenty  menu.o
    0x08003d80   0x08003d80   0x00000004   Code   RO         4609    i.menu_part_son_twenty_five  menu.o
    0x08003d84   0x08003d84   0x00000004   Code   RO         4610    i.menu_part_son_twenty_four  menu.o
    0x08003d88   0x08003d88   0x00000004   Code   RO         4611    i.menu_part_son_twenty_one  menu.o
    0x08003d8c   0x08003d8c   0x00000004   Code   RO         4612    i.menu_part_son_twenty_threen  menu.o
    0x08003d90   0x08003d90   0x00000004   Code   RO         4613    i.menu_part_son_twenty_tow  menu.o
    0x08003d94   0x08003d94   0x0000001c   Code   RO         4143    i.prvResetNextTaskUnblockTime  tasks.o
    0x08003db0   0x08003db0   0x000000a0   Code   RO         3345    i.uart_init         usart.o
    0x08003e50   0x08003e50   0x00000040   Code   RO         4166    i.vTaskSwitchContext  tasks.o
    0x08003e90   0x08003e90   0x00000114   Code   RO         4179    i.xTaskIncrementTick  tasks.o
    0x08003fa4   0x08003fa4   0x000022f8   Data   RO           56    .constdata          oled.o
    0x0800629c   0x0800629c   0x00000020   Data   RO         5326    Region$$Table       anon$$obj.o


    Execution Region RW_IRAM1 (Exec base: 0x20000000, Load base: 0x080062bc, Size: 0x00000c58, Max: 0x00005000, ABSOLUTE, COMPRESSED[0x000000fc])

    Exec Addr    Load Addr    Size         Type   Attr      Idx    E Section Name        Object

    0x20000000   COMPRESSED   0x00000014   Data   RW         1901    .data               stm32f10x_rcc.o
    0x20000014   COMPRESSED   0x00000004   Data   RW         3272    .data               delay.o
    0x20000018   COMPRESSED   0x00000002   Data   RW         3347    .data               usart.o
    0x2000001a   COMPRESSED   0x00000002   PAD
    0x2000001c   COMPRESSED   0x00000004   Data   RW         3348    .data               usart.o
    0x20000020   COMPRESSED   0x00000014   Data   RW         3455    .data               system_stm32f10x.o
    0x20000034   COMPRESSED   0x00000024   Data   RW         3567    .data               pwm.o
    0x20000058   COMPRESSED   0x00000006   Data   RW         3620    .data               key.o
    0x2000005e   COMPRESSED   0x00000002   PAD
    0x20000060   COMPRESSED   0x00000040   Data   RW         4184    .data               tasks.o
    0x200000a0   COMPRESSED   0x000000d0   Data   RW         4614    .data               menu.o
    0x20000170   COMPRESSED   0x00000054   Data   RW         4745    .data               ui_menu.o
    0x200001c4   COMPRESSED   0x00000001   Data   RW         4746    .data               ui_menu.o
    0x200001c5   COMPRESSED   0x00000001   PAD
    0x200001c6   COMPRESSED   0x00000004   Data   RW         4862    .data               timer.o
    0x200001ca   COMPRESSED   0x00000002   PAD
    0x200001cc        -       0x00000240   Zero   RW           55    .bss                oled.o
    0x2000040c        -       0x000000c8   Zero   RW         3346    .bss                usart.o
    0x200004d4        -       0x0000001a   Zero   RW         3566    .bss                pwm.o
    0x200004ee   COMPRESSED   0x00000002   PAD
    0x200004f0        -       0x00000024   Zero   RW         3680    .bss                adc.o
    0x20000514        -       0x00000140   Zero   RW         4183    .bss                tasks.o
    0x20000654   COMPRESSED   0x00000004   PAD
    0x20000658        -       0x00000600   Zero   RW           17    STACK               startup_stm32f10x_hd.o


==============================================================================

Image component sizes


      Code (inc. data)   RO Data    RW Data    ZI Data      Debug   Object Name

       512         62          0          0         36       2728   adc.o
       166          6          0          0          0       2159   at24c32.o
       240          8          0          0          0       1279   ch224k.o
         0          0          0          0          0       4532   core_cm3.o
       164         26          0          4          0       3867   delay.o
      1568        168          0          6          0       6580   key.o
       136         18          0          0          0        487   main.o
       136          6          0        208          0      10518   menu.o
       144         16          0          0          0       2025   misc.o
      2278         82       8952          0        576     285430   oled.o
       194         18          0          0          0       3674   port.o
       356         34          0         36         26       3114   pwm.o
        36          8        304          0       1536        784   startup_stm32f10x_hd.o
       324         16          0          0          0       7958   stm32f10x_adc.o
       308         10          0          0          0       3570   stm32f10x_dma.o
       184          0          0          0          0       3564   stm32f10x_gpio.o
        12          0          0          0          0       2441   stm32f10x_it.o
       236         40          0         20          0       5577   stm32f10x_rcc.o
       368         50          0          0          0       6780   stm32f10x_tim.o
       310          6          0          0          0       5002   stm32f10x_usart.o
       248         24          0         20          0       1713   system_stm32f10x.o
       368         20          0         64        320      28994   tasks.o
       568         48          0          4          0       2753   timer.o
      3916        852          0         85          0      10430   ui_menu.o
       284         26          0          6        200       3644   usart.o
       576         40          0          0          0       4180   wire.o

    ----------------------------------------------------------------------
     13652       1584       9288        460       2700     413783   Object Totals
         0          0         32          0          0          0   (incl. Generated)
        20          0          0          7          6          0   (incl. Padding)

    ----------------------------------------------------------------------

      Code (inc. data)   RO Data    RW Data    ZI Data      Debug   Library Member Name

        86          0          0          0          0          0   __dczerorl2.o
         0          0          0          0          0          0   entry.o
         0          0          0          0          0          0   entry10a.o
         0          0          0          0          0          0   entry11a.o
         8          4          0          0          0          0   entry2.o
         4          0          0          0          0          0   entry5.o
         0          0          0          0          0          0   entry7b.o
         0          0          0          0          0          0   entry8b.o
         8          4          0          0          0          0   entry9a.o
        30          0          0          0          0          0   handlers.o
        36          8          0          0          0         68   init.o
         0          0          0          0          0          0   iusefp.o
        30          0          0          0          0         68   llshl.o
        36          0          0          0          0         68   llsshr.o
        32          0          0          0          0         68   llushr.o
       372         14          0          0          0        184   printf1.o
        44          0          0          0          0         80   uidiv.o
        56          0          0          0          0         88   d2f.o
       334          0          0          0          0        148   dadd.o
       222          0          0          0          0        100   ddiv.o
       186          0          0          0          0        176   depilogue.o
        50          0          0          0          0         76   dfixui.o
        26          0          0          0          0         76   dfltui.o
       228          0          0          0          0         96   dmul.o
        38          0          0          0          0         68   f2d.o
       176          0          0          0          0        140   fadd.o
       110          0          0          0          0        168   fepilogue.o
        50          0          0          0          0         68   ffixi.o
        40          0          0          0          0         68   ffixui.o
        18          0          0          0          0         68   fflti.o
        10          0          0          0          0         68   ffltui.o
       100          0          0          0          0         76   fmul.o

    ----------------------------------------------------------------------
      2336         30          0          0          0       2020   Library Totals
         6          0          0          0          0          0   (incl. Padding)

    ----------------------------------------------------------------------

      Code (inc. data)   RO Data    RW Data    ZI Data      Debug   Library Name

       686         30          0          0          0        536   mc_w.l
      1644          0          0          0          0       1484   mf_w.l

    ----------------------------------------------------------------------
      2336         30          0          0          0       2020   Library Totals

    ----------------------------------------------------------------------

==============================================================================


      Code (inc. data)   RO Data    RW Data    ZI Data      Debug   

     15988       1614       9288        460       2700     406831   Grand Totals
     15988       1614       9288        252       2700     406831   ELF Image Totals (compressed)
     15988       1614       9288        252          0          0   ROM Totals

==============================================================================

    Total RO  Size (Code + RO Data)                25276 (  24.68kB)
    Total RW  Size (RW Data + ZI Data)              3160 (   3.09kB)
    Total ROM Size (Code + RO Data + RW Data)      25528 (  24.93kB)

==============================================================================

